******************************************************************************
             TMS320C2000 Linker PC v6.2.0                      
******************************************************************************
>> Linked Sun Nov 25 12:17:22 2018

OUTPUT FILE NAME:   <28335-C-D-PMSM-FOC.out>
ENTRY POINT SYMBOL: "_c_int00"  address: 00339a52


MEMORY CONFIGURATION

         name            origin    length      used     unused   attr    fill
----------------------  --------  ---------  --------  --------  ----  --------
PAGE 0:
  ZONE0                 00004000   00001000  00000000  00001000  RWIX
  RAML0                 00008000   00001000  0000005c  00000fa4  RWIX
  RAML1                 00009000   00001000  00000000  00001000  RWIX
  RAML2                 0000a000   00001000  00000000  00001000  RWIX
  RAML3                 0000b000   00001000  00000000  00001000  RWIX
  ZONE6                 00100000   00100000  00000000  00100000  RWIX
  ZONE7A                00200000   0000fc00  00000000  0000fc00  RWIX
  FLASHH                00300000   00008000  00000000  00008000  RWIX
  FLASHG                00308000   00008000  00000000  00008000  RWIX
  FLASHF                00310000   00008000  00000000  00008000  RWIX
  FLASHE                00318000   00008000  00000000  00008000  RWIX
  FLASHD                00320000   00008000  0000005c  00007fa4  RWIX
  FLASHC                00328000   00008000  000000ad  00007f53  RWIX
  FLASHA                00338000   00007f80  00002291  00005cef  RWIX
  CSM_RSVD              0033ff80   00000076  00000000  00000076  RWIX
  BEGIN                 0033fff6   00000002  00000002  00000000  RWIX
  CSM_PWL               0033fff8   00000008  00000000  00000008  RWIX
  ADC_CAL               00380080   00000009  00000007  00000002  RWIX
  OTP                   00380400   00000400  00000000  00000400  RWIX
  IQTABLES              003fe000   00000b50  00000b50  00000000  RWIX
  IQTABLES2             003feb50   0000008c  00000000  0000008c  RWIX
  FPUTABLES             003febdc   000006a0  00000000  000006a0  RWIX
  ROM                   003ff27c   00000d44  00000000  00000d44  RWIX
  RESET                 003fffc0   00000002  00000000  00000002  RWIX
  VECTORS               003fffc2   0000003e  00000000  0000003e  RWIX

PAGE 1:
  BOOT_RSVD             00000000   00000050  00000000  00000050  RWIX
  RAMM0                 00000050   000003b0  00000000  000003b0  RWIX
  RAMM1                 00000400   00000400  00000400  00000000  RWIX
  DEV_EMU               00000880   00000180  000000d0  000000b0  RWIX
  FLASH_REGS            00000a80   00000060  00000008  00000058  RWIX
  CSM                   00000ae0   00000010  00000010  00000000  RWIX
  ADC_MIRROR            00000b00   00000010  00000010  00000000  RWIX
  XINTF                 00000b20   00000020  0000001e  00000002  RWIX
  CPU_TIMER0            00000c00   00000008  00000008  00000000  RWIX
  CPU_TIMER1            00000c08   00000008  00000008  00000000  RWIX
  CPU_TIMER2            00000c10   00000008  00000008  00000000  RWIX
  PIE_CTRL              00000ce0   00000020  0000001a  00000006  RWIX
  PIE_VECT              00000d00   00000100  00000100  00000000  RWIX
  DMA                   00001000   00000200  000000e0  00000120  RWIX
  MCBSPA                00005000   00000040  00000025  0000001b  RWIX
  MCBSPB                00005040   00000040  00000025  0000001b  RWIX
  ECANA                 00006000   00000040  00000034  0000000c  RWIX
  ECANA_LAM             00006040   00000040  00000040  00000000  RWIX
  ECANA_MOTS            00006080   00000040  00000040  00000000  RWIX
  ECANA_MOTO            000060c0   00000040  00000040  00000000  RWIX
  ECANA_MBOX            00006100   00000100  00000100  00000000  RWIX
  ECANB                 00006200   00000040  00000034  0000000c  RWIX
  ECANB_LAM             00006240   00000040  00000040  00000000  RWIX
  ECANB_MOTS            00006280   00000040  00000040  00000000  RWIX
  ECANB_MOTO            000062c0   00000040  00000040  00000000  RWIX
  ECANB_MBOX            00006300   00000100  00000100  00000000  RWIX
  EPWM1                 00006800   00000022  00000022  00000000  RWIX
  EPWM2                 00006840   00000022  00000022  00000000  RWIX
  EPWM3                 00006880   00000022  00000022  00000000  RWIX
  EPWM4                 000068c0   00000022  00000022  00000000  RWIX
  EPWM5                 00006900   00000022  00000022  00000000  RWIX
  EPWM6                 00006940   00000022  00000022  00000000  RWIX
  ECAP1                 00006a00   00000020  00000020  00000000  RWIX
  ECAP2                 00006a20   00000020  00000020  00000000  RWIX
  ECAP3                 00006a40   00000020  00000020  00000000  RWIX
  ECAP4                 00006a60   00000020  00000020  00000000  RWIX
  ECAP5                 00006a80   00000020  00000020  00000000  RWIX
  ECAP6                 00006aa0   00000020  00000020  00000000  RWIX
  EQEP1                 00006b00   00000040  00000040  00000000  RWIX
  EQEP2                 00006b40   00000040  00000040  00000000  RWIX
  GPIOCTRL              00006f80   00000040  0000002e  00000012  RWIX
  GPIODAT               00006fc0   00000020  00000020  00000000  RWIX
  GPIOINT               00006fe0   00000020  0000000a  00000016  RWIX
  SYSTEM                00007010   00000020  00000020  00000000  RWIX
  SPIA                  00007040   00000010  00000010  00000000  RWIX
  SCIA                  00007050   00000010  00000010  00000000  RWIX
  XINTRUPT              00007070   00000010  00000010  00000000  RWIX
  ADC                   00007100   00000020  0000001e  00000002  RWIX
  SCIB                  00007750   00000010  00000010  00000000  RWIX
  SCIC                  00007770   00000010  00000010  00000000  RWIX
  I2CA                  00007900   00000040  00000022  0000001e  RWIX
  RAML4                 0000c000   00001000  00000990  00000670  RWIX
  RAML5                 0000d000   00001000  00000000  00001000  RWIX
  RAML6                 0000e000   00001000  00000000  00001000  RWIX
  RAML7                 0000f000   00001000  00000000  00001000  RWIX
  ZONE7B                0020fc00   00000400  00000000  00000400  RWIX
  FLASHB                00330000   00008000  00000000  00008000  RWIX
  CSM_PWL               0033fff8   00000008  00000008  00000000  RWIX
  PARTID                00380090   00000001  00000001  00000000  RWIX


SECTION ALLOCATION MAP

 output                                  attributes/
section   page    origin      length       input sections
--------  ----  ----------  ----------   ----------------
.pinit     0    00338000    00000000     UNINITIALIZED

ramfuncs   0    00320000    0000005c     RUN ADDR = 00008000
                  00320000    0000003d     TongXin.obj (ramfuncs)
                  0032003d    0000001b     DSP2833x_SysCtrl.obj (ramfuncs)
                  00320058    00000004     DSP2833x_usDelay.obj (ramfuncs)

IQmath     0    00328000    000000ad     
                  00328000    00000047     IQmath_fpu32.lib : IQ15div.obj (IQmath)
                  00328047    00000029                      : IQ15sinPU.obj (IQmath)
                  00328070    00000027                      : IQ15cosPU.obj (IQmath)
                  00328097    00000016                      : IQ15toF.obj (IQmath)

.text      0    00338000    00001c5a     
                  00338000    000007a2     Main.obj (.text:retain)
                  003387a2    0000036a     DSP2833x_Adc.obj (.text)
                  00338b0c    00000316     DSP2833x_DefaultIsr.obj (.text:retain)
                  00338e22    00000271     128x64.obj (.text)
                  00339093    00000238     DSP2833x_EPwm.obj (.text)
                  003392cb    000001f7     Dis.obj (.text)
                  003394c2    000001da     DSP2833x_Gpio.obj (.text)
                  0033969c    000000f1     DSP2833x_SysCtrl.obj (.text)
                  0033978d    000000a9     TongXin.obj (.text)
                  00339836    0000009d     Main.obj (.text)
                  003398d3    00000088     rts2800_fpu32.lib : fs_div.obj (.text)
                  0033995b    00000083                       : fd_mpy.obj (.text)
                  003399de    00000074     DSP2833x_CpuTimers.obj (.text)
                  00339a52    00000046     rts2800_fpu32.lib : boot.obj (.text)
                  00339a98    00000034     DSP2833x_Spi.obj (.text)
                  00339acc    00000032     DSP2833x_Sci.obj (.text)
                  00339afe    0000002a     rts2800_fpu32.lib : l_div.obj (.text)
                  00339b28    00000028     DSP2833x_PieCtrl.obj (.text)
                  00339b50    00000020     DSP2833x_PieVect.obj (.text)
                  00339b70    0000001f     rts2800_fpu32.lib : fd_tol.obj (.text)
                  00339b8f    0000001d                       : i_tofd.obj (.text)
                  00339bac    0000001c                       : fs_tofd.obj (.text)
                  00339bc8    0000001b                       : args_main.obj (.text)
                  00339be3    00000019                       : exit.obj (.text)
                  00339bfc    00000017                       : u_tofd.obj (.text)
                  00339c13    00000016                       : ul_tofd.obj (.text)
                  00339c29    00000015     DSP2833x_MemCopy.obj (.text)
                  00339c3e    0000000b     rts2800_fpu32.lib : u_div.obj (.text)
                  00339c49    00000009                       : _lock.obj (.text)
                  00339c52    00000008     DSP2833x_CodeStartBranch.obj (.text)

.cinit     0    00339c5a    000003a7     
                  00339c5a    00000294     Main.obj (.cinit)
                  00339eee    00000061     DSP2833x_Adc.obj (.cinit)
                  00339f4f    00000034     Dis.obj (.cinit)
                  00339f83    0000002f     128x64.obj (.cinit)
                  00339fb2    00000022     TongXin.obj (.cinit)
                  00339fd4    0000000e     DSP2833x_Gpio.obj (.cinit)
                  00339fe2    0000000a     rts2800_fpu32.lib : _lock.obj (.cinit)
                  00339fec    0000000a                       : exit.obj (.cinit)
                  00339ff6    00000005     DSP2833x_EPwm.obj (.cinit)
                  00339ffb    00000004     DSP2833x_Sci.obj (.cinit)
                  00339fff    00000002     --HOLE-- [fill = 0]

.econst    0    0033a002    00000290     
                  0033a002    00000100     DSP2833x_PieVect.obj (.econst)
                  0033a102    00000100     TongXin.obj (.econst:_crc16_table)
                  0033a202    00000087     128x64.obj (.econst:.string)
                  0033a289    00000001     --HOLE-- [fill = 0]
                  0033a28a    00000004     DSP2833x_Adc.obj (.econst)
                  0033a28e    00000004     Main.obj (.econst)

codestart 
*          0    0033fff6    00000002     
                  0033fff6    00000002     DSP2833x_CodeStartBranch.obj (codestart)

.adc_cal   0    00380080    00000007     NOLOAD SECTION
                  00380080    00000007     DSP2833x_ADC_cal.obj (.adc_cal)

IQmathTables 
*          0    003fe000    00000b50     NOLOAD SECTION
                  003fe000    00000b50     IQmath_fpu32.lib : IQmathTables.obj (IQmathTables)

.reset     0    003fffc0    00000002     DSECT
                  003fffc0    00000002     rts2800_fpu32.lib : boot.obj (.reset)

vectors    0    003fffc2    00000000     DSECT

.stack     1    00000400    00000400     UNINITIALIZED
                  00000400    00000400     --HOLE--

DevEmuRegsFile 
*          1    00000880    000000d0     UNINITIALIZED
                  00000880    000000d0     DSP2833x_GlobalVariableDefs.obj (DevEmuRegsFile)

FlashRegsFile 
*          1    00000a80    00000008     UNINITIALIZED
                  00000a80    00000008     DSP2833x_GlobalVariableDefs.obj (FlashRegsFile)

CsmRegsFile 
*          1    00000ae0    00000010     UNINITIALIZED
                  00000ae0    00000010     DSP2833x_GlobalVariableDefs.obj (CsmRegsFile)

AdcMirrorFile 
*          1    00000b00    00000010     UNINITIALIZED
                  00000b00    00000010     DSP2833x_GlobalVariableDefs.obj (AdcMirrorFile)

XintfRegsFile 
*          1    00000b20    0000001e     UNINITIALIZED
                  00000b20    0000001e     DSP2833x_GlobalVariableDefs.obj (XintfRegsFile)

CpuTimer0RegsFile 
*          1    00000c00    00000008     UNINITIALIZED
                  00000c00    00000008     DSP2833x_GlobalVariableDefs.obj (CpuTimer0RegsFile)

CpuTimer1RegsFile 
*          1    00000c08    00000008     UNINITIALIZED
                  00000c08    00000008     DSP2833x_GlobalVariableDefs.obj (CpuTimer1RegsFile)

CpuTimer2RegsFile 
*          1    00000c10    00000008     UNINITIALIZED
                  00000c10    00000008     DSP2833x_GlobalVariableDefs.obj (CpuTimer2RegsFile)

PieCtrlRegsFile 
*          1    00000ce0    0000001a     UNINITIALIZED
                  00000ce0    0000001a     DSP2833x_GlobalVariableDefs.obj (PieCtrlRegsFile)

PieVectTableFile 
*          1    00000d00    00000100     UNINITIALIZED
                  00000d00    00000100     DSP2833x_GlobalVariableDefs.obj (PieVectTableFile)

DmaRegsFile 
*          1    00001000    000000e0     UNINITIALIZED
                  00001000    000000e0     DSP2833x_GlobalVariableDefs.obj (DmaRegsFile)

McbspaRegsFile 
*          1    00005000    00000025     UNINITIALIZED
                  00005000    00000025     DSP2833x_GlobalVariableDefs.obj (McbspaRegsFile)

McbspbRegsFile 
*          1    00005040    00000025     UNINITIALIZED
                  00005040    00000025     DSP2833x_GlobalVariableDefs.obj (McbspbRegsFile)

ECanaRegsFile 
*          1    00006000    00000034     UNINITIALIZED
                  00006000    00000034     DSP2833x_GlobalVariableDefs.obj (ECanaRegsFile)

ECanaLAMRegsFile 
*          1    00006040    00000040     UNINITIALIZED
                  00006040    00000040     DSP2833x_GlobalVariableDefs.obj (ECanaLAMRegsFile)

ECanaMOTSRegsFile 
*          1    00006080    00000040     UNINITIALIZED
                  00006080    00000040     DSP2833x_GlobalVariableDefs.obj (ECanaMOTSRegsFile)

ECanaMOTORegsFile 
*          1    000060c0    00000040     UNINITIALIZED
                  000060c0    00000040     DSP2833x_GlobalVariableDefs.obj (ECanaMOTORegsFile)

ECanaMboxesFile 
*          1    00006100    00000100     UNINITIALIZED
                  00006100    00000100     DSP2833x_GlobalVariableDefs.obj (ECanaMboxesFile)

ECanbRegsFile 
*          1    00006200    00000034     UNINITIALIZED
                  00006200    00000034     DSP2833x_GlobalVariableDefs.obj (ECanbRegsFile)

ECanbLAMRegsFile 
*          1    00006240    00000040     UNINITIALIZED
                  00006240    00000040     DSP2833x_GlobalVariableDefs.obj (ECanbLAMRegsFile)

ECanbMOTSRegsFile 
*          1    00006280    00000040     UNINITIALIZED
                  00006280    00000040     DSP2833x_GlobalVariableDefs.obj (ECanbMOTSRegsFile)

ECanbMOTORegsFile 
*          1    000062c0    00000040     UNINITIALIZED
                  000062c0    00000040     DSP2833x_GlobalVariableDefs.obj (ECanbMOTORegsFile)

ECanbMboxesFile 
*          1    00006300    00000100     UNINITIALIZED
                  00006300    00000100     DSP2833x_GlobalVariableDefs.obj (ECanbMboxesFile)

EPwm1RegsFile 
*          1    00006800    00000022     UNINITIALIZED
                  00006800    00000022     DSP2833x_GlobalVariableDefs.obj (EPwm1RegsFile)

EPwm2RegsFile 
*          1    00006840    00000022     UNINITIALIZED
                  00006840    00000022     DSP2833x_GlobalVariableDefs.obj (EPwm2RegsFile)

EPwm3RegsFile 
*          1    00006880    00000022     UNINITIALIZED
                  00006880    00000022     DSP2833x_GlobalVariableDefs.obj (EPwm3RegsFile)

EPwm4RegsFile 
*          1    000068c0    00000022     UNINITIALIZED
                  000068c0    00000022     DSP2833x_GlobalVariableDefs.obj (EPwm4RegsFile)

EPwm5RegsFile 
*          1    00006900    00000022     UNINITIALIZED
                  00006900    00000022     DSP2833x_GlobalVariableDefs.obj (EPwm5RegsFile)

EPwm6RegsFile 
*          1    00006940    00000022     UNINITIALIZED
                  00006940    00000022     DSP2833x_GlobalVariableDefs.obj (EPwm6RegsFile)

ECap1RegsFile 
*          1    00006a00    00000020     UNINITIALIZED
                  00006a00    00000020     DSP2833x_GlobalVariableDefs.obj (ECap1RegsFile)

ECap2RegsFile 
*          1    00006a20    00000020     UNINITIALIZED
                  00006a20    00000020     DSP2833x_GlobalVariableDefs.obj (ECap2RegsFile)

ECap3RegsFile 
*          1    00006a40    00000020     UNINITIALIZED
                  00006a40    00000020     DSP2833x_GlobalVariableDefs.obj (ECap3RegsFile)

ECap4RegsFile 
*          1    00006a60    00000020     UNINITIALIZED
                  00006a60    00000020     DSP2833x_GlobalVariableDefs.obj (ECap4RegsFile)

ECap5RegsFile 
*          1    00006a80    00000020     UNINITIALIZED
                  00006a80    00000020     DSP2833x_GlobalVariableDefs.obj (ECap5RegsFile)

ECap6RegsFile 
*          1    00006aa0    00000020     UNINITIALIZED
                  00006aa0    00000020     DSP2833x_GlobalVariableDefs.obj (ECap6RegsFile)

EQep1RegsFile 
*          1    00006b00    00000040     UNINITIALIZED
                  00006b00    00000040     DSP2833x_GlobalVariableDefs.obj (EQep1RegsFile)

EQep2RegsFile 
*          1    00006b40    00000040     UNINITIALIZED
                  00006b40    00000040     DSP2833x_GlobalVariableDefs.obj (EQep2RegsFile)

GpioCtrlRegsFile 
*          1    00006f80    0000002e     UNINITIALIZED
                  00006f80    0000002e     DSP2833x_GlobalVariableDefs.obj (GpioCtrlRegsFile)

GpioDataRegsFile 
*          1    00006fc0    00000020     UNINITIALIZED
                  00006fc0    00000020     DSP2833x_GlobalVariableDefs.obj (GpioDataRegsFile)

GpioIntRegsFile 
*          1    00006fe0    0000000a     UNINITIALIZED
                  00006fe0    0000000a     DSP2833x_GlobalVariableDefs.obj (GpioIntRegsFile)

SysCtrlRegsFile 
*          1    00007010    00000020     UNINITIALIZED
                  00007010    00000020     DSP2833x_GlobalVariableDefs.obj (SysCtrlRegsFile)

SpiaRegsFile 
*          1    00007040    00000010     UNINITIALIZED
                  00007040    00000010     DSP2833x_GlobalVariableDefs.obj (SpiaRegsFile)

SciaRegsFile 
*          1    00007050    00000010     UNINITIALIZED
                  00007050    00000010     DSP2833x_GlobalVariableDefs.obj (SciaRegsFile)

XIntruptRegsFile 
*          1    00007070    00000010     UNINITIALIZED
                  00007070    00000010     DSP2833x_GlobalVariableDefs.obj (XIntruptRegsFile)

AdcRegsFile 
*          1    00007100    0000001e     UNINITIALIZED
                  00007100    0000001e     DSP2833x_GlobalVariableDefs.obj (AdcRegsFile)

ScibRegsFile 
*          1    00007750    00000010     UNINITIALIZED
                  00007750    00000010     DSP2833x_GlobalVariableDefs.obj (ScibRegsFile)

ScicRegsFile 
*          1    00007770    00000010     UNINITIALIZED
                  00007770    00000010     DSP2833x_GlobalVariableDefs.obj (ScicRegsFile)

I2caRegsFile 
*          1    00007900    00000022     UNINITIALIZED
                  00007900    00000022     DSP2833x_GlobalVariableDefs.obj (I2caRegsFile)

.ebss      1    0000c000    00000990     UNINITIALIZED
                  0000c000    00000812     TongXin.obj (.ebss)
                  0000c812    0000002a     DSP2833x_Adc.obj (.ebss)
                  0000c83c    00000004     rts2800_fpu32.lib : _lock.obj (.ebss)
                  0000c840    000000f6     Main.obj (.ebss)
                  0000c936    00000006     DSP2833x_Gpio.obj (.ebss)
                  0000c93c    00000004     rts2800_fpu32.lib : exit.obj (.ebss)
                  0000c940    00000028     128x64.obj (.ebss)
                  0000c968    00000018     DSP2833x_CpuTimers.obj (.ebss)
                  0000c980    0000000d     Dis.obj (.ebss)
                  0000c98d    00000001     DSP2833x_Sci.obj (.ebss)
                  0000c98e    00000002     DSP2833x_EPwm.obj (.ebss)

CsmPwlFile 
*          1    0033fff8    00000008     UNINITIALIZED
                  0033fff8    00000008     DSP2833x_GlobalVariableDefs.obj (CsmPwlFile)

PartIdRegsFile 
*          1    00380090    00000001     UNINITIALIZED
                  00380090    00000001     DSP2833x_GlobalVariableDefs.obj (PartIdRegsFile)


GLOBAL DATA SYMBOLS: SORTED BY DATA PAGE

address     data page           name
--------    ----------------    ----
00000400      10 (00000400)     __stack

00000880      22 (00000880)     _DevEmuRegs

00000a80      2a (00000a80)     _FlashRegs

00000ae0      2b (00000ac0)     _CsmRegs

00000b00      2c (00000b00)     _AdcMirror
00000b20      2c (00000b00)     _XintfRegs

00000c00      30 (00000c00)     _CpuTimer0Regs
00000c08      30 (00000c00)     _CpuTimer1Regs
00000c10      30 (00000c00)     _CpuTimer2Regs

00000ce0      33 (00000cc0)     _PieCtrlRegs

00000d00      34 (00000d00)     _PieVectTable

00001000      40 (00001000)     _DmaRegs

00005000     140 (00005000)     _McbspaRegs

00005040     141 (00005040)     _McbspbRegs

00006000     180 (00006000)     _ECanaRegs

00006040     181 (00006040)     _ECanaLAMRegs

00006080     182 (00006080)     _ECanaMOTSRegs

000060c0     183 (000060c0)     _ECanaMOTORegs

00006100     184 (00006100)     _ECanaMboxes

00006200     188 (00006200)     _ECanbRegs

00006240     189 (00006240)     _ECanbLAMRegs

00006280     18a (00006280)     _ECanbMOTSRegs

000062c0     18b (000062c0)     _ECanbMOTORegs

00006300     18c (00006300)     _ECanbMboxes

00006800     1a0 (00006800)     _EPwm1Regs

00006840     1a1 (00006840)     _EPwm2Regs

00006880     1a2 (00006880)     _EPwm3Regs

000068c0     1a3 (000068c0)     _EPwm4Regs

00006900     1a4 (00006900)     _EPwm5Regs

00006940     1a5 (00006940)     _EPwm6Regs

00006a00     1a8 (00006a00)     _ECap1Regs
00006a20     1a8 (00006a00)     _ECap2Regs

00006a40     1a9 (00006a40)     _ECap3Regs
00006a60     1a9 (00006a40)     _ECap4Regs

00006a80     1aa (00006a80)     _ECap5Regs
00006aa0     1aa (00006a80)     _ECap6Regs

00006b00     1ac (00006b00)     _EQep1Regs

00006b40     1ad (00006b40)     _EQep2Regs

00006f80     1be (00006f80)     _GpioCtrlRegs

00006fc0     1bf (00006fc0)     _GpioDataRegs
00006fe0     1bf (00006fc0)     _GpioIntRegs

00007010     1c0 (00007000)     _SysCtrlRegs

00007040     1c1 (00007040)     _SpiaRegs
00007050     1c1 (00007040)     _SciaRegs
00007070     1c1 (00007040)     _XIntruptRegs

00007100     1c4 (00007100)     _AdcRegs

00007750     1dd (00007740)     _ScibRegs
00007770     1dd (00007740)     _ScicRegs

00007900     1e4 (00007900)     _I2caRegs

0000c000     300 (0000c000)     _LuBo_OK
0000c002     300 (0000c000)     _KaiShiTongXin
0000c003     300 (0000c000)     _RS232_OK
0000c004     300 (0000c000)     _RS232_CNT
0000c006     300 (0000c000)     _RS232_RX

0000c040     301 (0000c040)     _RS232_TX

0000c812     320 (0000c800)     _I_C
0000c813     320 (0000c800)     _I_B
0000c814     320 (0000c800)     _HALL_V
0000c815     320 (0000c800)     _ADC_V
0000c816     320 (0000c800)     _ADC_U
0000c817     320 (0000c800)     _HALL_U
0000c818     320 (0000c800)     _I_A
0000c81b     320 (0000c800)     _DC_ON_flag
0000c81c     320 (0000c800)     _GuoliuZhi
0000c81d     320 (0000c800)     _U_dc_dis
0000c81e     320 (0000c800)     _DC_ON_OPEN
0000c81f     320 (0000c800)     _O_Current
0000c820     320 (0000c800)     _U_dc
0000c822     320 (0000c800)     _DC_ON_CNT
0000c824     320 (0000c800)     _IA_MAX
0000c826     320 (0000c800)     _IB_MAX
0000c82a     320 (0000c800)     _IC_MAX
0000c82c     320 (0000c800)     _AD_BUF
0000c83c     320 (0000c800)     __unlock
0000c83e     320 (0000c800)     __lock

0000c840     321 (0000c840)     _Run_PMSM
0000c841     321 (0000c840)     _PlaceSetBit
0000c842     321 (0000c840)     _T3Period
0000c843     321 (0000c840)     _LocationEnd
0000c844     321 (0000c840)     _Position
0000c845     321 (0000c840)     _MPeriod
0000c846     321 (0000c840)     _LocationFlag
0000c847     321 (0000c840)     _HallAngle
0000c848     321 (0000c840)     _speed_give
0000c849     321 (0000c840)     _BackTicker
0000c84a     321 (0000c840)     _T1Period
0000c84b     321 (0000c840)     _BuChang
0000c84c     321 (0000c840)     _Speed_run
0000c84d     321 (0000c840)     _DirectionQep
0000c84e     321 (0000c840)     _ZhengFan
0000c84f     321 (0000c840)     _Hall_Fault
0000c850     321 (0000c840)     _SpeedLoopCount
0000c851     321 (0000c840)     _SpeedLoopPrescaler
0000c852     321 (0000c840)     _Sector
0000c853     321 (0000c840)     _PositionPhase120
0000c854     321 (0000c840)     _PositionPhase180
0000c855     321 (0000c840)     _IsrTicker
0000c856     321 (0000c840)     _PositionPhase300
0000c857     321 (0000c840)     _PositionPhase360
0000c858     321 (0000c840)     _PositionPhase60
0000c859     321 (0000c840)     _PlaceEnable
0000c85a     321 (0000c840)     _BaseSpeed
0000c85b     321 (0000c840)     _ShangDian_Err
0000c85c     321 (0000c840)     _TotalCnt
0000c85d     321 (0000c840)     _PositionPhase240
0000c85e     321 (0000c840)     _Speed_SatError
0000c860     321 (0000c840)     _Speed_OutPreSat
0000c862     321 (0000c840)     _IQ_Fdb
0000c864     321 (0000c840)     _Speed_Up1
0000c866     321 (0000c840)     _Speed_Up
0000c868     321 (0000c840)     _Speed_OutMax
0000c86a     321 (0000c840)     _Speed_Ui
0000c86c     321 (0000c840)     _E_Ding_DianLiu
0000c86e     321 (0000c840)     _IQ_Given
0000c870     321 (0000c840)     _Ualfa
0000c872     321 (0000c840)     _Speed_OutMin
0000c874     321 (0000c840)     _IQ_Ref
0000c876     321 (0000c840)     _ID_Out
0000c878     321 (0000c840)     _IQ_OutMin
0000c87a     321 (0000c840)     _IQ_OutMax
0000c87c     321 (0000c840)     _Speed_Given
0000c87e     321 (0000c840)     _IQ_OutPreSat

0000c880     322 (0000c880)     _IQ_Ui
0000c882     322 (0000c880)     _IQ_Out
0000c884     322 (0000c880)     _IQ_SatError
0000c886     322 (0000c880)     _IQ_Up
0000c888     322 (0000c880)     _IQ_Up1
0000c88a     322 (0000c880)     _Speed_Out
0000c88c     322 (0000c880)     _Speed_Fdb
0000c88e     322 (0000c880)     _Speed_Ref
0000c890     322 (0000c880)     _IQ_Error
0000c892     322 (0000c880)     _Speed_Error
0000c894     322 (0000c880)     _Ta
0000c896     322 (0000c880)     _t2
0000c898     322 (0000c880)     _Tc
0000c89a     322 (0000c880)     _Tb
0000c89c     322 (0000c880)     _IQ_Kp
0000c89e     322 (0000c880)     _IQ_Ki
0000c8a0     322 (0000c880)     _Speed_Kp
0000c8a2     322 (0000c880)     _RawCnt2
0000c8a4     322 (0000c880)     _MfuncD3
0000c8a6     322 (0000c880)     _MechScaler
0000c8a8     322 (0000c880)     _TEMP2
0000c8aa     322 (0000c880)     _SpeedScaler
0000c8ac     322 (0000c880)     _Speed_Ki
0000c8ae     322 (0000c880)     _MfuncD2
0000c8b0     322 (0000c880)     _ID_Ki
0000c8b2     322 (0000c880)     _B0
0000c8b4     322 (0000c880)     _B2
0000c8b6     322 (0000c880)     _B1
0000c8b8     322 (0000c880)     _PlaceSet
0000c8ba     322 (0000c880)     _Ubeta
0000c8bc     322 (0000c880)     _Uq
0000c8be     322 (0000c880)     _RawCnt1

0000c8c0     323 (0000c8c0)     _t1
0000c8c2     323 (0000c8c0)     _MfuncD1
0000c8c4     323 (0000c8c0)     _ID_Kp
0000c8c6     323 (0000c8c0)     _X
0000c8c8     323 (0000c8c0)     _Ud
0000c8ca     323 (0000c8c0)     _Z
0000c8cc     323 (0000c8c0)     _Y
0000c8ce     323 (0000c8c0)     _MfuncF3
0000c8d0     323 (0000c8c0)     _MfuncF2
0000c8d2     323 (0000c8c0)     _DACTemp1
0000c8d4     323 (0000c8c0)     _DACTemp0
0000c8d6     323 (0000c8c0)     _OutPreSat_Place
0000c8d8     323 (0000c8c0)     _Now_P
0000c8da     323 (0000c8c0)     _MfuncF1
0000c8dc     323 (0000c8c0)     _NewRawTheta
0000c8de     323 (0000c8c0)     _MfuncC3
0000c8e0     323 (0000c8c0)     _SpeedRpm
0000c8e2     323 (0000c8c0)     _OldRawTheta
0000c8e4     323 (0000c8c0)     _DACTemp2
0000c8e6     323 (0000c8c0)     _PosCount
0000c8e8     323 (0000c8c0)     _MfuncC2
0000c8ea     323 (0000c8c0)     _j
0000c8ec     323 (0000c8c0)     _i
0000c8ee     323 (0000c8c0)     _PlaceError
0000c8f0     323 (0000c8c0)     _PolePairs
0000c8f2     323 (0000c8c0)     _MfuncC1
0000c8f4     323 (0000c8c0)     _Place_now
0000c8f6     323 (0000c8c0)     _k
0000c8f8     323 (0000c8c0)     _Tmp
0000c8fa     323 (0000c8c0)     _Modulation
0000c8fc     323 (0000c8c0)     _ID_Ref
0000c8fe     323 (0000c8c0)     _ID_Given

0000c900     324 (0000c900)     _ID_Error
0000c902     324 (0000c900)     _ID_Fdb
0000c904     324 (0000c900)     _ibeta
0000c906     324 (0000c900)     _ialfa
0000c908     324 (0000c900)     _iq
0000c90a     324 (0000c900)     _ID_SatError
0000c90c     324 (0000c900)     _ID_OutPreSat
0000c90e     324 (0000c900)     _ID_OutMin
0000c910     324 (0000c900)     _ID_OutMax
0000c912     324 (0000c900)     _ID_Up
0000c914     324 (0000c900)     _id
0000c916     324 (0000c900)     _ID_Ui
0000c918     324 (0000c900)     _RawThetaTmp
0000c91a     324 (0000c900)     _SpeedRef
0000c91c     324 (0000c900)     _ElecTheta
0000c91e     324 (0000c900)     _MechTheta
0000c920     324 (0000c900)     _OldRawThetaPos
0000c922     324 (0000c900)     _TotalPulse
0000c924     324 (0000c900)     _Speed
0000c926     324 (0000c900)     _ia
0000c928     324 (0000c900)     _Sine
0000c92a     324 (0000c900)     _ic
0000c92c     324 (0000c900)     _ib
0000c92e     324 (0000c900)     _AnglePU
0000c930     324 (0000c900)     _RawTheta
0000c932     324 (0000c900)     _ID_Up1
0000c934     324 (0000c900)     _Cosine
0000c936     324 (0000c900)     _IPM_Fault
0000c93c     324 (0000c900)     __cleanup_ptr
0000c93e     324 (0000c900)     __dtors_ptr

0000c940     325 (0000c940)     _lcd_dis_flag
0000c942     325 (0000c940)     _Lcd_Dat
0000c948     325 (0000c940)     _addr_tab
0000c968     325 (0000c940)     _CpuTimer1
0000c970     325 (0000c940)     _CpuTimer2
0000c978     325 (0000c940)     _CpuTimer0

0000c980     326 (0000c980)     _Show_time2
0000c982     326 (0000c980)     _Key_Flag
0000c983     326 (0000c980)     _Show_time
0000c984     326 (0000c980)     _ch454_key
0000c98d     326 (0000c980)     _speed_dis
0000c98e     326 (0000c980)     _LineEncoder

0033a002    ce80 (0033a000)     _PieVectTableInit

0033a102    ce84 (0033a100)     _crc16_table

0033fff8    cfff (0033ffc0)     _CsmPwl

00380090    e002 (00380080)     _PartIdRegs

003fe000    ff80 (003fe000)     _IQsinTable

003fe100    ff84 (003fe100)     _IQcosTable

003fe400    ff90 (003fe400)     _IQsinTableEnd

003fe502    ff94 (003fe500)     _IQcosTableEnd
003fe502    ff94 (003fe500)     _IQdivRoundSatTable
003fe510    ff94 (003fe500)     _IQdivTable

003fe712    ff9c (003fe700)     _IQdivTableEnd
003fe712    ff9c (003fe700)     _IQisqrtRoundSatTable
003fe712    ff9c (003fe700)     _IQsqrtRoundSatTable
003fe722    ff9c (003fe700)     _IQisqrtTable
003fe722    ff9c (003fe700)     _IQsqrtTable

003fe824    ffa0 (003fe800)     _IQatan2HalfPITable
003fe824    ffa0 (003fe800)     _IQisqrtTableEnd
003fe824    ffa0 (003fe800)     _IQsqrtTableEnd

003fe862    ffa1 (003fe840)     _IQatan2Table

003fe9e8    ffa7 (003fe9c0)     _IQ30mpyRndSatTable
003fe9e8    ffa7 (003fe9c0)     _IQatan2TableEnd
003fe9e8    ffa7 (003fe9c0)     _IQmpyRndSatTable
003fe9f4    ffa7 (003fe9c0)     _IQ29mpyRndSatTable

003fea00    ffa8 (003fea00)     _IQ28mpyRndSatTable
003fea0c    ffa8 (003fea00)     _IQ27mpyRndSatTable
003fea18    ffa8 (003fea00)     _IQ26mpyRndSatTable
003fea24    ffa8 (003fea00)     _IQ25mpyRndSatTable
003fea30    ffa8 (003fea00)     _IQ24mpyRndSatTable
003fea3c    ffa8 (003fea00)     _IQ23mpyRndSatTable

003fea48    ffa9 (003fea40)     _IQ22mpyRndSatTable
003fea54    ffa9 (003fea40)     _IQ21mpyRndSatTable
003fea60    ffa9 (003fea40)     _IQ20mpyRndSatTable
003fea6c    ffa9 (003fea40)     _IQ19mpyRndSatTable
003fea78    ffa9 (003fea40)     _IQ18mpyRndSatTable

003fea84    ffaa (003fea80)     _IQ17mpyRndSatTable
003fea90    ffaa (003fea80)     _IQ16mpyRndSatTable
003fea9c    ffaa (003fea80)     _IQ15mpyRndSatTable
003feaa8    ffaa (003fea80)     _IQ14mpyRndSatTable
003feab4    ffaa (003fea80)     _IQ13mpyRndSatTable

003feac0    ffab (003feac0)     _IQ12mpyRndSatTable
003feacc    ffab (003feac0)     _IQ11mpyRndSatTable
003fead8    ffab (003feac0)     _IQ10mpyRndSatTable
003feae4    ffab (003feac0)     _IQ9mpyRndSatTable
003feaf0    ffab (003feac0)     _IQ8mpyRndSatTable
003feafc    ffab (003feac0)     _IQ7mpyRndSatTable

003feb08    ffac (003feb00)     _IQ6mpyRndSatTable
003feb14    ffac (003feb00)     _IQ5mpyRndSatTable
003feb20    ffac (003feb00)     _IQ4mpyRndSatTable
003feb2c    ffac (003feb00)     _IQ3mpyRndSatTable
003feb38    ffac (003feb00)     _IQ2mpyRndSatTable

003feb44    ffad (003feb40)     _IQ1mpyRndSatTable
003feb50    ffad (003feb40)     _IQmpyRndSatTableEnd


GLOBAL SYMBOLS: SORTED ALPHABETICALLY BY Name 

address    name
--------   ----
00338000   .text
00339be3   C$$EXIT
0033995b   FD$$MPY
00339b70   FD$$TOL
003398d3   FS$$DIV
00339bac   FS$$TOFD
00339b8f   I$$TOFD
00339afe   L$$DIV
00339b0d   L$$MOD
00339c3e   U$$DIV
00339c43   U$$MOD
00339bfc   U$$TOFD
00339b1b   UL$$DIV
00339b22   UL$$MOD
00339c13   UL$$TOFD
00338bf2   _ADCINT_ISR
003387c3   _ADC_Soc_Init
0000c816   _ADC_U
0000c815   _ADC_V
00380080   _ADC_cal
0000c82c   _AD_BUF
00338840   _Ad_CaiJi
00000b00   _AdcMirror
00007100   _AdcRegs
0000c92e   _AnglePU
0000c8b2   _B0
0000c8b6   _B1
0000c8b4   _B2
0000c849   _BackTicker
0000c85a   _BaseSpeed
0000c84b   _BuChang
003395cb   _CPU_RUN
0033979b   _CRC_16
00339a17   _ConfigCpuTimer
0000c934   _Cosine
0000c978   _CpuTimer0
00000c00   _CpuTimer0Regs
0000c968   _CpuTimer1
00000c08   _CpuTimer1Regs
0000c970   _CpuTimer2
00000c10   _CpuTimer2Regs
0033fff8   _CsmPwl
00000ae0   _CsmRegs
0033975c   _CsmUnlock
003390fd   _DAC1_out
0033911d   _DAC2_out
0000c8d4   _DACTemp0
0000c8d2   _DACTemp1
0000c8e4   _DACTemp2
00338b20   _DATALOG_ISR
00338989   _DC_Link
0000c822   _DC_ON_CNT
0000c81e   _DC_ON_OPEN
0000c81b   _DC_ON_flag
00338d14   _DINTCH1_ISR
00338d1e   _DINTCH2_ISR
00338d28   _DINTCH3_ISR
00338d32   _DINTCH4_ISR
00338d3c   _DINTCH5_ISR
00338d46   _DINTCH6_ISR
00008058   _DSP28x_usDelay
003387a2   _DelayUS
00338e22   _DelayUS2
00000880   _DevEmuRegs
0000c84d   _DirectionQep
003396af   _DisableDog
00001000   _DmaRegs
00338da0   _ECAN0INTA_ISR
00338db4   _ECAN0INTB_ISR
00338daa   _ECAN1INTA_ISR
00338dbe   _ECAN1INTB_ISR
00338c88   _ECAP1_INT_ISR
00338c92   _ECAP2_INT_ISR
00338c9c   _ECAP3_INT_ISR
00338ca6   _ECAP4_INT_ISR
00338cb0   _ECAP5_INT_ISR
00338cba   _ECAP6_INT_ISR
00006040   _ECanaLAMRegs
000060c0   _ECanaMOTORegs
00006080   _ECanaMOTSRegs
00006100   _ECanaMboxes
00006000   _ECanaRegs
00006240   _ECanbLAMRegs
000062c0   _ECanbMOTORegs
00006280   _ECanbMOTSRegs
00006300   _ECanbMboxes
00006200   _ECanbRegs
00006a00   _ECap1Regs
00006a20   _ECap2Regs
00006a40   _ECap3Regs
00006a60   _ECap4Regs
00006a80   _ECap5Regs
00006aa0   _ECap6Regs
00338b34   _EMUINT_ISR
00338c4c   _EPWM1_INT_ISR
00338c10   _EPWM1_TZINT_ISR
00338c56   _EPWM2_INT_ISR
00338c1a   _EPWM2_TZINT_ISR
00338c60   _EPWM3_INT_ISR
00338c24   _EPWM3_TZINT_ISR
00338c6a   _EPWM4_INT_ISR
00338c2e   _EPWM4_TZINT_ISR
00338c74   _EPWM5_INT_ISR
00338c38   _EPWM5_TZINT_ISR
00338c7e   _EPWM6_INT_ISR
00338c42   _EPWM6_TZINT_ISR
00338000   _EPWM_1_INT
00006800   _EPwm1Regs
00006840   _EPwm2Regs
00006880   _EPwm3Regs
000068c0   _EPwm4Regs
00006900   _EPwm5Regs
00006940   _EPwm6Regs
00338cc4   _EQEP1_INT_ISR
00338cce   _EQEP2_INT_ISR
00006b00   _EQep1Regs
00006b40   _EQep2Regs
0000c86c   _E_Ding_DianLiu
0000c91c   _ElecTheta
00339b47   _EnableInterrupts
00000a80   _FlashRegs
00006f80   _GpioCtrlRegs
00006fc0   _GpioDataRegs
00006fe0   _GpioIntRegs
0000c81c   _GuoliuZhi
0000c817   _HALL_U
0000c814   _HALL_V
0000c847   _HallAngle
0000c84f   _Hall_Fault
00338d50   _I2CINT1A_ISR
00338d5a   _I2CINT2A_ISR
00007900   _I2caRegs
0000c824   _IA_MAX
0000c826   _IB_MAX
0000c82a   _IC_MAX
0000c900   _ID_Error
0000c902   _ID_Fdb
0000c8fe   _ID_Given
0000c8b0   _ID_Ki
0000c8c4   _ID_Kp
0000c876   _ID_Out
0000c910   _ID_OutMax
0000c90e   _ID_OutMin
0000c90c   _ID_OutPreSat
0000c8fc   _ID_Ref
0000c90a   _ID_SatError
0000c916   _ID_Ui
0000c912   _ID_Up
0000c932   _ID_Up1
00338b48   _ILLEGAL_ISR
00338b0c   _INT13_ISR
00338b16   _INT14_ISR
00338791   _INT3_ISR
00339677   _IPM_BaoHu
0000c936   _IPM_Fault
003fead8   _IQ10mpyRndSatTable
003feacc   _IQ11mpyRndSatTable
003feac0   _IQ12mpyRndSatTable
003feab4   _IQ13mpyRndSatTable
003feaa8   _IQ14mpyRndSatTable
003fea9c   _IQ15mpyRndSatTable
003fea90   _IQ16mpyRndSatTable
003fea84   _IQ17mpyRndSatTable
003fea78   _IQ18mpyRndSatTable
003fea6c   _IQ19mpyRndSatTable
003feb44   _IQ1mpyRndSatTable
003fea60   _IQ20mpyRndSatTable
003fea54   _IQ21mpyRndSatTable
003fea48   _IQ22mpyRndSatTable
003fea3c   _IQ23mpyRndSatTable
003fea30   _IQ24mpyRndSatTable
003fea24   _IQ25mpyRndSatTable
003fea18   _IQ26mpyRndSatTable
003fea0c   _IQ27mpyRndSatTable
003fea00   _IQ28mpyRndSatTable
003fe9f4   _IQ29mpyRndSatTable
003feb38   _IQ2mpyRndSatTable
003fe9e8   _IQ30mpyRndSatTable
003feb2c   _IQ3mpyRndSatTable
003feb20   _IQ4mpyRndSatTable
003feb14   _IQ5mpyRndSatTable
003feb08   _IQ6mpyRndSatTable
003feafc   _IQ7mpyRndSatTable
003feaf0   _IQ8mpyRndSatTable
003feae4   _IQ9mpyRndSatTable
0000c890   _IQ_Error
0000c862   _IQ_Fdb
0000c86e   _IQ_Given
0000c89e   _IQ_Ki
0000c89c   _IQ_Kp
0000c882   _IQ_Out
0000c87a   _IQ_OutMax
0000c878   _IQ_OutMin
0000c87e   _IQ_OutPreSat
0000c874   _IQ_Ref
0000c884   _IQ_SatError
0000c880   _IQ_Ui
0000c886   _IQ_Up
0000c888   _IQ_Up1
003fe824   _IQatan2HalfPITable
003fe862   _IQatan2Table
003fe9e8   _IQatan2TableEnd
003fe100   _IQcosTable
003fe502   _IQcosTableEnd
003fe502   _IQdivRoundSatTable
003fe510   _IQdivTable
003fe712   _IQdivTableEnd
003fe712   _IQisqrtRoundSatTable
003fe722   _IQisqrtTable
003fe824   _IQisqrtTableEnd
003fe9e8   _IQmpyRndSatTable
003feb50   _IQmpyRndSatTableEnd
003fe000   _IQsinTable
003fe400   _IQsinTableEnd
003fe712   _IQsqrtRoundSatTable
003fe722   _IQsqrtTable
003fe824   _IQsqrtTableEnd
0000c818   _I_A
0000c813   _I_B
0000c812   _I_C
003387af   _InitAdc
003399de   _InitCpuTimers
00339093   _InitEPwm
003391fb   _InitEPwm1Gpio
00339227   _InitEPwm2Gpio
00339235   _InitEPwm3Gpio
00339249   _InitEPwm4Gpio
0033925d   _InitEPwm5Gpio
0033926f   _InitEPwm6Gpio
003391f8   _InitEPwmGpio
00339281   _InitEPwmSyncGpio
0033913d   _InitEPwm_1_2_3
0000803d   _InitFlash
003394c2   _InitGpio
00339703   _InitPeripheralClocks
00339b28   _InitPieCtrl
00339b50   _InitPieVectTable
003396b7   _InitPll
00339acc   _InitSci_B
00339ae6   _InitSci_C
00339a98   _InitSpi
00339aa9   _InitSpiGpio
00339aac   _InitSpiaGpio
0033969c   _InitSysCtrl
00339295   _InitTzGpio
003390bb   _Init_Pwm_DAC
003395a1   _Init_Scib_Gpio
003395b5   _Init_Scic_Gpio
003398b6   _Init_SiShu
00338eb7   _Init_lcd
00338e2f   _Init_lcd_Gpio
0000c855   _IsrTicker
00338abe   _JiSuan_AvgSpeed
003389db   _JiSuan_Dl
0000c002   _KaiShiTongXin
0000c982   _Key_Flag
0033906a   _LCD_DIS
00338e41   _LCD_SendByte
00338e04   _LUF_ISR
00338dfa   _LVF_ISR
0000c942   _Lcd_Dat
00338f58   _Lcd_Dis_DL
00338f23   _Lcd_Dis_RPM
00338ef2   _Lcd_Dis_Udc
00338fbe   _Lcd_Dis_sheding
00338e72   _Lcd_WriteCmd
00338e86   _Lcd_WriteData
0000c98e   _LineEncoder
0000c843   _LocationEnd
0000c846   _LocationFlag
003397b3   _LuBo
0000c000   _LuBo_OK
0000c845   _MPeriod
00338d00   _MRINTA_ISR
00338cec   _MRINTB_ISR
00338d0a   _MXINTA_ISR
00338cf6   _MXINTB_ISR
00005000   _McbspaRegs
00005040   _McbspbRegs
0000c8a6   _MechScaler
0000c91e   _MechTheta
00339c29   _MemCopy
0000c8f2   _MfuncC1
0000c8e8   _MfuncC2
0000c8de   _MfuncC3
0000c8c2   _MfuncD1
0000c8ae   _MfuncD2
0000c8a4   _MfuncD3
0000c8da   _MfuncF1
0000c8d0   _MfuncF2
0000c8ce   _MfuncF3
0000c8fa   _Modulation
00338b3e   _NMI_ISR
0000c8dc   _NewRawTheta
0000c8d8   _Now_P
0000c81f   _O_Current
0000c8e2   _OldRawTheta
0000c920   _OldRawThetaPos
0000c8d6   _OutPreSat_Place
00338e0e   _PIE_RESERVED
00380090   _PartIdRegs
00000ce0   _PieCtrlRegs
00000d00   _PieVectTable
0033a002   _PieVectTableInit
0000c859   _PlaceEnable
0000c8ee   _PlaceError
0000c8b8   _PlaceSet
0000c841   _PlaceSetBit
0000c8f4   _Place_now
0000c8f0   _PolePairs
0000c8e6   _PosCount
0000c844   _Position
0000c853   _PositionPhase120
0000c854   _PositionPhase180
0000c85d   _PositionPhase240
0000c856   _PositionPhase300
0000c857   _PositionPhase360
0000c858   _PositionPhase60
00339094   _QEP_Init
0000c004   _RS232_CNT
0000c003   _RS232_OK
0000c006   _RS232_RX
00008000   _RS232_SendBytes
0000c040   _RS232_TX
00338b2a   _RTOSINT_ISR
0032005c   _RamfuncsLoadEnd
00320000   _RamfuncsLoadStart
00008000   _RamfuncsRunStart
0000c8be   _RawCnt1
0000c8a2   _RawCnt2
0000c930   _RawTheta
0000c918   _RawThetaTmp
0033932d   _Read_key
0000c840   _Run_PMSM
00338780   _SCIBRX_ISR
00338d78   _SCIRXINTA_ISR
00338d8c   _SCIRXINTB_ISR
00338d64   _SCIRXINTC_ISR
00338d82   _SCITXINTA_ISR
00338d96   _SCITXINTB_ISR
00338d6e   _SCITXINTC_ISR
00338bca   _SEQ1INT_ISR
00338bd4   _SEQ2INT_ISR
00338cd8   _SPIRXINTA_ISR
00338ce2   _SPITXINTA_ISR
00007050   _SciaRegs
00007750   _ScibRegs
00007770   _ScicRegs
0000c852   _Sector
003396a5   _ServiceDog
0000c85b   _ShangDian_Err
0000c983   _Show_time
0000c980   _Show_time2
0000c928   _Sine
0000c924   _Speed
0000c850   _SpeedLoopCount
0000c851   _SpeedLoopPrescaler
0000c91a   _SpeedRef
0000c8e0   _SpeedRpm
0000c8aa   _SpeedScaler
0000c892   _Speed_Error
0000c88c   _Speed_Fdb
0000c87c   _Speed_Given
0000c8ac   _Speed_Ki
0000c8a0   _Speed_Kp
0000c88a   _Speed_Out
0000c868   _Speed_OutMax
0000c872   _Speed_OutMin
0000c860   _Speed_OutPreSat
0000c88e   _Speed_Ref
0000c85e   _Speed_SatError
0000c86a   _Speed_Ui
0000c866   _Speed_Up
0000c864   _Speed_Up1
0000c84c   _Speed_run
00007040   _SpiaRegs
00007010   _SysCtrlRegs
0000c84a   _T1Period
0000c842   _T3Period
0000c8a8   _TEMP2
00338bfc   _TINT0_ISR
0000801d   _TX232_ChuLi
0000c894   _Ta
0000c89a   _Tb
0000c898   _Tc
0000c8f8   _Tmp
0000c85c   _TotalCnt
0000c922   _TotalPulse
00338bac   _USER10_ISR
00338bb6   _USER11_ISR
00338bc0   _USER12_ISR
00338b52   _USER1_ISR
00338b5c   _USER2_ISR
00338b66   _USER3_ISR
00338b70   _USER4_ISR
00338b7a   _USER5_ISR
00338b84   _USER6_ISR
00338b8e   _USER7_ISR
00338b98   _USER8_ISR
00338ba2   _USER9_ISR
0000c820   _U_dc
0000c81d   _U_dc_dis
0000c870   _Ualfa
0000c8ba   _Ubeta
0000c8c8   _Ud
0000c8bc   _Uq
00338c06   _WAKEINT_ISR
0000c8c6   _X
00338bde   _XINT1_ISR
00338be8   _XINT2_ISR
00338dc8   _XINT3_ISR
00338dd2   _XINT4_ISR
00338ddc   _XINT5_ISR
00338de6   _XINT6_ISR
00338df0   _XINT7_ISR
00007070   _XIntruptRegs
00000b20   _XintfRegs
0000c8cc   _Y
0000c8ca   _Z
0000c84e   _ZhengFan
00328070   __IQ15cosPU
00328000   __IQ15div
00328047   __IQ15sinPU
00328097   __IQ15toF
00000800   __STACK_END
00000400   __STACK_SIZE
00000001   __TI_args_main
ffffffff   ___binit__
ffffffff   ___c_args__
00339c5a   ___cinit__
00339c5a   ___etext__
ffffffff   ___pinit__
00338000   ___text__
00339bc8   __args_main
0000c93c   __cleanup_ptr
0000c93e   __dtors_ptr
0000c83e   __lock
00339c51   __nop
00339c4d   __register_lock
00339c49   __register_unlock
00000400   __stack
0000c83c   __unlock
00339be3   _abort
0000c948   _addr_tab
00339a52   _c_int00
0000c984   _ch454_key
0033978d   _crc16_byte
0033a102   _crc16_table
003394bf   _deal_key
003393a7   _deal_key_lcd
0033960b   _eva_close
003395eb   _eva_open
00339be5   _exit
00338e9a   _hanzi_Disp
0000c8ec   _i
0000c926   _ia
0000c906   _ialfa
0000c92c   _ib
0000c904   _ibeta
0000c92a   _ic
0000c914   _id
003392cb   _iic_delay
0000c908   _iq
0000c8ea   _j
0000c8f6   _k
0000c940   _lcd_dis_flag
00339836   _main
00338e18   _rsvd_ISR
0000c98d   _speed_dis
0000c848   _speed_give
0000c8c0   _t1
0000c896   _t2
ffffffff   binit
00339c5a   cinit
0033fff6   code_start
00339c5a   etext
ffffffff   pinit


GLOBAL SYMBOLS: SORTED BY Symbol Address 

address    name
--------   ----
00000001   __TI_args_main
00000400   __STACK_SIZE
00000400   __stack
00000800   __STACK_END
00000880   _DevEmuRegs
00000a80   _FlashRegs
00000ae0   _CsmRegs
00000b00   _AdcMirror
00000b20   _XintfRegs
00000c00   _CpuTimer0Regs
00000c08   _CpuTimer1Regs
00000c10   _CpuTimer2Regs
00000ce0   _PieCtrlRegs
00000d00   _PieVectTable
00001000   _DmaRegs
00005000   _McbspaRegs
00005040   _McbspbRegs
00006000   _ECanaRegs
00006040   _ECanaLAMRegs
00006080   _ECanaMOTSRegs
000060c0   _ECanaMOTORegs
00006100   _ECanaMboxes
00006200   _ECanbRegs
00006240   _ECanbLAMRegs
00006280   _ECanbMOTSRegs
000062c0   _ECanbMOTORegs
00006300   _ECanbMboxes
00006800   _EPwm1Regs
00006840   _EPwm2Regs
00006880   _EPwm3Regs
000068c0   _EPwm4Regs
00006900   _EPwm5Regs
00006940   _EPwm6Regs
00006a00   _ECap1Regs
00006a20   _ECap2Regs
00006a40   _ECap3Regs
00006a60   _ECap4Regs
00006a80   _ECap5Regs
00006aa0   _ECap6Regs
00006b00   _EQep1Regs
00006b40   _EQep2Regs
00006f80   _GpioCtrlRegs
00006fc0   _GpioDataRegs
00006fe0   _GpioIntRegs
00007010   _SysCtrlRegs
00007040   _SpiaRegs
00007050   _SciaRegs
00007070   _XIntruptRegs
00007100   _AdcRegs
00007750   _ScibRegs
00007770   _ScicRegs
00007900   _I2caRegs
00008000   _RS232_SendBytes
00008000   _RamfuncsRunStart
0000801d   _TX232_ChuLi
0000803d   _InitFlash
00008058   _DSP28x_usDelay
0000c000   _LuBo_OK
0000c002   _KaiShiTongXin
0000c003   _RS232_OK
0000c004   _RS232_CNT
0000c006   _RS232_RX
0000c040   _RS232_TX
0000c812   _I_C
0000c813   _I_B
0000c814   _HALL_V
0000c815   _ADC_V
0000c816   _ADC_U
0000c817   _HALL_U
0000c818   _I_A
0000c81b   _DC_ON_flag
0000c81c   _GuoliuZhi
0000c81d   _U_dc_dis
0000c81e   _DC_ON_OPEN
0000c81f   _O_Current
0000c820   _U_dc
0000c822   _DC_ON_CNT
0000c824   _IA_MAX
0000c826   _IB_MAX
0000c82a   _IC_MAX
0000c82c   _AD_BUF
0000c83c   __unlock
0000c83e   __lock
0000c840   _Run_PMSM
0000c841   _PlaceSetBit
0000c842   _T3Period
0000c843   _LocationEnd
0000c844   _Position
0000c845   _MPeriod
0000c846   _LocationFlag
0000c847   _HallAngle
0000c848   _speed_give
0000c849   _BackTicker
0000c84a   _T1Period
0000c84b   _BuChang
0000c84c   _Speed_run
0000c84d   _DirectionQep
0000c84e   _ZhengFan
0000c84f   _Hall_Fault
0000c850   _SpeedLoopCount
0000c851   _SpeedLoopPrescaler
0000c852   _Sector
0000c853   _PositionPhase120
0000c854   _PositionPhase180
0000c855   _IsrTicker
0000c856   _PositionPhase300
0000c857   _PositionPhase360
0000c858   _PositionPhase60
0000c859   _PlaceEnable
0000c85a   _BaseSpeed
0000c85b   _ShangDian_Err
0000c85c   _TotalCnt
0000c85d   _PositionPhase240
0000c85e   _Speed_SatError
0000c860   _Speed_OutPreSat
0000c862   _IQ_Fdb
0000c864   _Speed_Up1
0000c866   _Speed_Up
0000c868   _Speed_OutMax
0000c86a   _Speed_Ui
0000c86c   _E_Ding_DianLiu
0000c86e   _IQ_Given
0000c870   _Ualfa
0000c872   _Speed_OutMin
0000c874   _IQ_Ref
0000c876   _ID_Out
0000c878   _IQ_OutMin
0000c87a   _IQ_OutMax
0000c87c   _Speed_Given
0000c87e   _IQ_OutPreSat
0000c880   _IQ_Ui
0000c882   _IQ_Out
0000c884   _IQ_SatError
0000c886   _IQ_Up
0000c888   _IQ_Up1
0000c88a   _Speed_Out
0000c88c   _Speed_Fdb
0000c88e   _Speed_Ref
0000c890   _IQ_Error
0000c892   _Speed_Error
0000c894   _Ta
0000c896   _t2
0000c898   _Tc
0000c89a   _Tb
0000c89c   _IQ_Kp
0000c89e   _IQ_Ki
0000c8a0   _Speed_Kp
0000c8a2   _RawCnt2
0000c8a4   _MfuncD3
0000c8a6   _MechScaler
0000c8a8   _TEMP2
0000c8aa   _SpeedScaler
0000c8ac   _Speed_Ki
0000c8ae   _MfuncD2
0000c8b0   _ID_Ki
0000c8b2   _B0
0000c8b4   _B2
0000c8b6   _B1
0000c8b8   _PlaceSet
0000c8ba   _Ubeta
0000c8bc   _Uq
0000c8be   _RawCnt1
0000c8c0   _t1
0000c8c2   _MfuncD1
0000c8c4   _ID_Kp
0000c8c6   _X
0000c8c8   _Ud
0000c8ca   _Z
0000c8cc   _Y
0000c8ce   _MfuncF3
0000c8d0   _MfuncF2
0000c8d2   _DACTemp1
0000c8d4   _DACTemp0
0000c8d6   _OutPreSat_Place
0000c8d8   _Now_P
0000c8da   _MfuncF1
0000c8dc   _NewRawTheta
0000c8de   _MfuncC3
0000c8e0   _SpeedRpm
0000c8e2   _OldRawTheta
0000c8e4   _DACTemp2
0000c8e6   _PosCount
0000c8e8   _MfuncC2
0000c8ea   _j
0000c8ec   _i
0000c8ee   _PlaceError
0000c8f0   _PolePairs
0000c8f2   _MfuncC1
0000c8f4   _Place_now
0000c8f6   _k
0000c8f8   _Tmp
0000c8fa   _Modulation
0000c8fc   _ID_Ref
0000c8fe   _ID_Given
0000c900   _ID_Error
0000c902   _ID_Fdb
0000c904   _ibeta
0000c906   _ialfa
0000c908   _iq
0000c90a   _ID_SatError
0000c90c   _ID_OutPreSat
0000c90e   _ID_OutMin
0000c910   _ID_OutMax
0000c912   _ID_Up
0000c914   _id
0000c916   _ID_Ui
0000c918   _RawThetaTmp
0000c91a   _SpeedRef
0000c91c   _ElecTheta
0000c91e   _MechTheta
0000c920   _OldRawThetaPos
0000c922   _TotalPulse
0000c924   _Speed
0000c926   _ia
0000c928   _Sine
0000c92a   _ic
0000c92c   _ib
0000c92e   _AnglePU
0000c930   _RawTheta
0000c932   _ID_Up1
0000c934   _Cosine
0000c936   _IPM_Fault
0000c93c   __cleanup_ptr
0000c93e   __dtors_ptr
0000c940   _lcd_dis_flag
0000c942   _Lcd_Dat
0000c948   _addr_tab
0000c968   _CpuTimer1
0000c970   _CpuTimer2
0000c978   _CpuTimer0
0000c980   _Show_time2
0000c982   _Key_Flag
0000c983   _Show_time
0000c984   _ch454_key
0000c98d   _speed_dis
0000c98e   _LineEncoder
00320000   _RamfuncsLoadStart
0032005c   _RamfuncsLoadEnd
00328000   __IQ15div
00328047   __IQ15sinPU
00328070   __IQ15cosPU
00328097   __IQ15toF
00338000   .text
00338000   _EPWM_1_INT
00338000   ___text__
00338780   _SCIBRX_ISR
00338791   _INT3_ISR
003387a2   _DelayUS
003387af   _InitAdc
003387c3   _ADC_Soc_Init
00338840   _Ad_CaiJi
00338989   _DC_Link
003389db   _JiSuan_Dl
00338abe   _JiSuan_AvgSpeed
00338b0c   _INT13_ISR
00338b16   _INT14_ISR
00338b20   _DATALOG_ISR
00338b2a   _RTOSINT_ISR
00338b34   _EMUINT_ISR
00338b3e   _NMI_ISR
00338b48   _ILLEGAL_ISR
00338b52   _USER1_ISR
00338b5c   _USER2_ISR
00338b66   _USER3_ISR
00338b70   _USER4_ISR
00338b7a   _USER5_ISR
00338b84   _USER6_ISR
00338b8e   _USER7_ISR
00338b98   _USER8_ISR
00338ba2   _USER9_ISR
00338bac   _USER10_ISR
00338bb6   _USER11_ISR
00338bc0   _USER12_ISR
00338bca   _SEQ1INT_ISR
00338bd4   _SEQ2INT_ISR
00338bde   _XINT1_ISR
00338be8   _XINT2_ISR
00338bf2   _ADCINT_ISR
00338bfc   _TINT0_ISR
00338c06   _WAKEINT_ISR
00338c10   _EPWM1_TZINT_ISR
00338c1a   _EPWM2_TZINT_ISR
00338c24   _EPWM3_TZINT_ISR
00338c2e   _EPWM4_TZINT_ISR
00338c38   _EPWM5_TZINT_ISR
00338c42   _EPWM6_TZINT_ISR
00338c4c   _EPWM1_INT_ISR
00338c56   _EPWM2_INT_ISR
00338c60   _EPWM3_INT_ISR
00338c6a   _EPWM4_INT_ISR
00338c74   _EPWM5_INT_ISR
00338c7e   _EPWM6_INT_ISR
00338c88   _ECAP1_INT_ISR
00338c92   _ECAP2_INT_ISR
00338c9c   _ECAP3_INT_ISR
00338ca6   _ECAP4_INT_ISR
00338cb0   _ECAP5_INT_ISR
00338cba   _ECAP6_INT_ISR
00338cc4   _EQEP1_INT_ISR
00338cce   _EQEP2_INT_ISR
00338cd8   _SPIRXINTA_ISR
00338ce2   _SPITXINTA_ISR
00338cec   _MRINTB_ISR
00338cf6   _MXINTB_ISR
00338d00   _MRINTA_ISR
00338d0a   _MXINTA_ISR
00338d14   _DINTCH1_ISR
00338d1e   _DINTCH2_ISR
00338d28   _DINTCH3_ISR
00338d32   _DINTCH4_ISR
00338d3c   _DINTCH5_ISR
00338d46   _DINTCH6_ISR
00338d50   _I2CINT1A_ISR
00338d5a   _I2CINT2A_ISR
00338d64   _SCIRXINTC_ISR
00338d6e   _SCITXINTC_ISR
00338d78   _SCIRXINTA_ISR
00338d82   _SCITXINTA_ISR
00338d8c   _SCIRXINTB_ISR
00338d96   _SCITXINTB_ISR
00338da0   _ECAN0INTA_ISR
00338daa   _ECAN1INTA_ISR
00338db4   _ECAN0INTB_ISR
00338dbe   _ECAN1INTB_ISR
00338dc8   _XINT3_ISR
00338dd2   _XINT4_ISR
00338ddc   _XINT5_ISR
00338de6   _XINT6_ISR
00338df0   _XINT7_ISR
00338dfa   _LVF_ISR
00338e04   _LUF_ISR
00338e0e   _PIE_RESERVED
00338e18   _rsvd_ISR
00338e22   _DelayUS2
00338e2f   _Init_lcd_Gpio
00338e41   _LCD_SendByte
00338e72   _Lcd_WriteCmd
00338e86   _Lcd_WriteData
00338e9a   _hanzi_Disp
00338eb7   _Init_lcd
00338ef2   _Lcd_Dis_Udc
00338f23   _Lcd_Dis_RPM
00338f58   _Lcd_Dis_DL
00338fbe   _Lcd_Dis_sheding
0033906a   _LCD_DIS
00339093   _InitEPwm
00339094   _QEP_Init
003390bb   _Init_Pwm_DAC
003390fd   _DAC1_out
0033911d   _DAC2_out
0033913d   _InitEPwm_1_2_3
003391f8   _InitEPwmGpio
003391fb   _InitEPwm1Gpio
00339227   _InitEPwm2Gpio
00339235   _InitEPwm3Gpio
00339249   _InitEPwm4Gpio
0033925d   _InitEPwm5Gpio
0033926f   _InitEPwm6Gpio
00339281   _InitEPwmSyncGpio
00339295   _InitTzGpio
003392cb   _iic_delay
0033932d   _Read_key
003393a7   _deal_key_lcd
003394bf   _deal_key
003394c2   _InitGpio
003395a1   _Init_Scib_Gpio
003395b5   _Init_Scic_Gpio
003395cb   _CPU_RUN
003395eb   _eva_open
0033960b   _eva_close
00339677   _IPM_BaoHu
0033969c   _InitSysCtrl
003396a5   _ServiceDog
003396af   _DisableDog
003396b7   _InitPll
00339703   _InitPeripheralClocks
0033975c   _CsmUnlock
0033978d   _crc16_byte
0033979b   _CRC_16
003397b3   _LuBo
00339836   _main
003398b6   _Init_SiShu
003398d3   FS$$DIV
0033995b   FD$$MPY
003399de   _InitCpuTimers
00339a17   _ConfigCpuTimer
00339a52   _c_int00
00339a98   _InitSpi
00339aa9   _InitSpiGpio
00339aac   _InitSpiaGpio
00339acc   _InitSci_B
00339ae6   _InitSci_C
00339afe   L$$DIV
00339b0d   L$$MOD
00339b1b   UL$$DIV
00339b22   UL$$MOD
00339b28   _InitPieCtrl
00339b47   _EnableInterrupts
00339b50   _InitPieVectTable
00339b70   FD$$TOL
00339b8f   I$$TOFD
00339bac   FS$$TOFD
00339bc8   __args_main
00339be3   C$$EXIT
00339be3   _abort
00339be5   _exit
00339bfc   U$$TOFD
00339c13   UL$$TOFD
00339c29   _MemCopy
00339c3e   U$$DIV
00339c43   U$$MOD
00339c49   __register_unlock
00339c4d   __register_lock
00339c51   __nop
00339c5a   ___cinit__
00339c5a   ___etext__
00339c5a   cinit
00339c5a   etext
0033a002   _PieVectTableInit
0033a102   _crc16_table
0033fff6   code_start
0033fff8   _CsmPwl
00380080   _ADC_cal
00380090   _PartIdRegs
003fe000   _IQsinTable
003fe100   _IQcosTable
003fe400   _IQsinTableEnd
003fe502   _IQcosTableEnd
003fe502   _IQdivRoundSatTable
003fe510   _IQdivTable
003fe712   _IQdivTableEnd
003fe712   _IQisqrtRoundSatTable
003fe712   _IQsqrtRoundSatTable
003fe722   _IQisqrtTable
003fe722   _IQsqrtTable
003fe824   _IQatan2HalfPITable
003fe824   _IQisqrtTableEnd
003fe824   _IQsqrtTableEnd
003fe862   _IQatan2Table
003fe9e8   _IQ30mpyRndSatTable
003fe9e8   _IQatan2TableEnd
003fe9e8   _IQmpyRndSatTable
003fe9f4   _IQ29mpyRndSatTable
003fea00   _IQ28mpyRndSatTable
003fea0c   _IQ27mpyRndSatTable
003fea18   _IQ26mpyRndSatTable
003fea24   _IQ25mpyRndSatTable
003fea30   _IQ24mpyRndSatTable
003fea3c   _IQ23mpyRndSatTable
003fea48   _IQ22mpyRndSatTable
003fea54   _IQ21mpyRndSatTable
003fea60   _IQ20mpyRndSatTable
003fea6c   _IQ19mpyRndSatTable
003fea78   _IQ18mpyRndSatTable
003fea84   _IQ17mpyRndSatTable
003fea90   _IQ16mpyRndSatTable
003fea9c   _IQ15mpyRndSatTable
003feaa8   _IQ14mpyRndSatTable
003feab4   _IQ13mpyRndSatTable
003feac0   _IQ12mpyRndSatTable
003feacc   _IQ11mpyRndSatTable
003fead8   _IQ10mpyRndSatTable
003feae4   _IQ9mpyRndSatTable
003feaf0   _IQ8mpyRndSatTable
003feafc   _IQ7mpyRndSatTable
003feb08   _IQ6mpyRndSatTable
003feb14   _IQ5mpyRndSatTable
003feb20   _IQ4mpyRndSatTable
003feb2c   _IQ3mpyRndSatTable
003feb38   _IQ2mpyRndSatTable
003feb44   _IQ1mpyRndSatTable
003feb50   _IQmpyRndSatTableEnd
ffffffff   ___binit__
ffffffff   ___c_args__
ffffffff   ___pinit__
ffffffff   binit
ffffffff   pinit

[477 symbols]
