******************************************************************************
             TMS320C2000 Linker PC v6.2.0                      
******************************************************************************
>> Linked Sun Nov 25 12:43:25 2018

OUTPUT FILE NAME:   <28335-C-D-PMSM-FOC.out>
ENTRY POINT SYMBOL: "_c_int00"  address: 0033996f


MEMORY CONFIGURATION

         name            origin    length      used     unused   attr    fill
----------------------  --------  ---------  --------  --------  ----  --------
PAGE 0:
  ZONE0                 00004000   00001000  00000000  00001000  RWIX
  RAML0                 00008000   00001000  0000005c  00000fa4  RWIX
  RAML1                 00009000   00001000  00000000  00001000  RWIX
  RAML2                 0000a000   00001000  00000000  00001000  RWIX
  RAML3                 0000b000   00001000  00000000  00001000  RWIX
  ZONE6                 00100000   00100000  00000000  00100000  RWIX
  ZONE7A                00200000   0000fc00  00000000  0000fc00  RWIX
  FLASHH                00300000   00008000  00000000  00008000  RWIX
  FLASHG                00308000   00008000  00000000  00008000  RWIX
  FLASHF                00310000   00008000  00000000  00008000  RWIX
  FLASHE                00318000   00008000  00000000  00008000  RWIX
  FLASHD                00320000   00008000  0000005c  00007fa4  RWIX
  FLASHC                00328000   00008000  00000138  00007ec8  RWIX
  FLASHA                00338000   00007f80  0000220f  00005d71  RWIX
  CSM_RSVD              0033ff80   00000076  00000000  00000076  RWIX
  BEGIN                 0033fff6   00000002  00000002  00000000  RWIX
  CSM_PWL               0033fff8   00000008  00000000  00000008  RWIX
  ADC_CAL               00380080   00000009  00000007  00000002  RWIX
  OTP                   00380400   00000400  00000000  00000400  RWIX
  IQTABLES              003fe000   00000b50  00000b50  00000000  RWIX
  IQTABLES2             003feb50   0000008c  00000000  0000008c  RWIX
  FPUTABLES             003febdc   000006a0  00000000  000006a0  RWIX
  ROM                   003ff27c   00000d44  00000000  00000d44  RWIX
  RESET                 003fffc0   00000002  00000000  00000002  RWIX
  VECTORS               003fffc2   0000003e  00000000  0000003e  RWIX

PAGE 1:
  BOOT_RSVD             00000000   00000050  00000000  00000050  RWIX
  RAMM0                 00000050   000003b0  00000000  000003b0  RWIX
  RAMM1                 00000400   00000400  00000400  00000000  RWIX
  DEV_EMU               00000880   00000180  000000d0  000000b0  RWIX
  FLASH_REGS            00000a80   00000060  00000008  00000058  RWIX
  CSM                   00000ae0   00000010  00000010  00000000  RWIX
  ADC_MIRROR            00000b00   00000010  00000010  00000000  RWIX
  XINTF                 00000b20   00000020  0000001e  00000002  RWIX
  CPU_TIMER0            00000c00   00000008  00000008  00000000  RWIX
  CPU_TIMER1            00000c08   00000008  00000008  00000000  RWIX
  CPU_TIMER2            00000c10   00000008  00000008  00000000  RWIX
  PIE_CTRL              00000ce0   00000020  0000001a  00000006  RWIX
  PIE_VECT              00000d00   00000100  00000100  00000000  RWIX
  DMA                   00001000   00000200  000000e0  00000120  RWIX
  MCBSPA                00005000   00000040  00000025  0000001b  RWIX
  MCBSPB                00005040   00000040  00000025  0000001b  RWIX
  ECANA                 00006000   00000040  00000034  0000000c  RWIX
  ECANA_LAM             00006040   00000040  00000040  00000000  RWIX
  ECANA_MOTS            00006080   00000040  00000040  00000000  RWIX
  ECANA_MOTO            000060c0   00000040  00000040  00000000  RWIX
  ECANA_MBOX            00006100   00000100  00000100  00000000  RWIX
  ECANB                 00006200   00000040  00000034  0000000c  RWIX
  ECANB_LAM             00006240   00000040  00000040  00000000  RWIX
  ECANB_MOTS            00006280   00000040  00000040  00000000  RWIX
  ECANB_MOTO            000062c0   00000040  00000040  00000000  RWIX
  ECANB_MBOX            00006300   00000100  00000100  00000000  RWIX
  EPWM1                 00006800   00000022  00000022  00000000  RWIX
  EPWM2                 00006840   00000022  00000022  00000000  RWIX
  EPWM3                 00006880   00000022  00000022  00000000  RWIX
  EPWM4                 000068c0   00000022  00000022  00000000  RWIX
  EPWM5                 00006900   00000022  00000022  00000000  RWIX
  EPWM6                 00006940   00000022  00000022  00000000  RWIX
  ECAP1                 00006a00   00000020  00000020  00000000  RWIX
  ECAP2                 00006a20   00000020  00000020  00000000  RWIX
  ECAP3                 00006a40   00000020  00000020  00000000  RWIX
  ECAP4                 00006a60   00000020  00000020  00000000  RWIX
  ECAP5                 00006a80   00000020  00000020  00000000  RWIX
  ECAP6                 00006aa0   00000020  00000020  00000000  RWIX
  EQEP1                 00006b00   00000040  00000040  00000000  RWIX
  EQEP2                 00006b40   00000040  00000040  00000000  RWIX
  GPIOCTRL              00006f80   00000040  0000002e  00000012  RWIX
  GPIODAT               00006fc0   00000020  00000020  00000000  RWIX
  GPIOINT               00006fe0   00000020  0000000a  00000016  RWIX
  SYSTEM                00007010   00000020  00000020  00000000  RWIX
  SPIA                  00007040   00000010  00000010  00000000  RWIX
  SCIA                  00007050   00000010  00000010  00000000  RWIX
  XINTRUPT              00007070   00000010  00000010  00000000  RWIX
  ADC                   00007100   00000020  0000001e  00000002  RWIX
  SCIB                  00007750   00000010  00000010  00000000  RWIX
  SCIC                  00007770   00000010  00000010  00000000  RWIX
  I2CA                  00007900   00000040  00000022  0000001e  RWIX
  RAML4                 0000c000   00001000  000009d9  00000627  RWIX
  RAML5                 0000d000   00001000  00000000  00001000  RWIX
  RAML6                 0000e000   00001000  00000000  00001000  RWIX
  RAML7                 0000f000   00001000  00000000  00001000  RWIX
  ZONE7B                0020fc00   00000400  00000000  00000400  RWIX
  FLASHB                00330000   00008000  00000000  00008000  RWIX
  CSM_PWL               0033fff8   00000008  00000008  00000000  RWIX
  PARTID                00380090   00000001  00000001  00000000  RWIX


SECTION ALLOCATION MAP

 output                                  attributes/
section   page    origin      length       input sections
--------  ----  ----------  ----------   ----------------
.pinit     0    00338000    00000000     UNINITIALIZED

ramfuncs   0    00320000    0000005c     RUN ADDR = 00008000
                  00320000    0000003d     TongXin.obj (ramfuncs)
                  0032003d    0000001b     DSP2833x_SysCtrl.obj (ramfuncs)
                  00320058    00000004     DSP2833x_usDelay.obj (ramfuncs)

IQmath     0    00328000    00000138     
                  00328000    0000008b     IQmath_fpu32.lib : IQ15atan2PU.obj (IQmath)
                  0032808b    00000047                      : IQ15div.obj (IQmath)
                  003280d2    00000029                      : IQ15sinPU.obj (IQmath)
                  003280fb    00000027                      : IQ15cosPU.obj (IQmath)
                  00328122    00000016                      : IQ15toF.obj (IQmath)

.text      0    00338000    00001b20     
                  00338000    0000066f     Main.obj (.text:retain)
                  0033866f    0000031c     DSP2833x_Adc.obj (.text)
                  0033898b    00000316     DSP2833x_DefaultIsr.obj (.text:retain)
                  00338ca1    0000026f     128x64.obj (.text)
                  00338f10    000001d4     DSP2833x_Gpio.obj (.text)
                  003390e4    000001b3     DSP2833x_EPwm.obj (.text)
                  00339297    0000018c     Dis.obj (.text)
                  00339423    00000153     SMO.obj (.text)
                  00339576    000000f1     DSP2833x_SysCtrl.obj (.text)
                  00339667    000000e0     Main.obj (.text)
                  00339747    000000a9     TongXin.obj (.text)
                  003397f0    00000088     rts2800_fpu32.lib : fs_div.obj (.text)
                  00339878    00000083                       : fd_mpy.obj (.text)
                  003398fb    00000074     DSP2833x_CpuTimers.obj (.text)
                  0033996f    00000046     rts2800_fpu32.lib : boot.obj (.text)
                  003399b5    00000034     DSP2833x_Spi.obj (.text)
                  003399e9    00000032     DSP2833x_Sci.obj (.text)
                  00339a1b    00000028     DSP2833x_PieCtrl.obj (.text)
                  00339a43    00000020     DSP2833x_PieVect.obj (.text)
                  00339a63    0000001f     rts2800_fpu32.lib : fd_tol.obj (.text)
                  00339a82    0000001d                       : i_tofd.obj (.text)
                  00339a9f    0000001c                       : fs_tofd.obj (.text)
                  00339abb    0000001b                       : args_main.obj (.text)
                  00339ad6    00000019                       : exit.obj (.text)
                  00339aef    00000015     DSP2833x_MemCopy.obj (.text)
                  00339b04    0000000b     rts2800_fpu32.lib : u_div.obj (.text)
                  00339b0f    00000009                       : _lock.obj (.text)
                  00339b18    00000008     DSP2833x_CodeStartBranch.obj (.text)

.cinit     0    00339b20    0000045f     
                  00339b20    000002b1     Main.obj (.cinit)
                  00339dd1    000000a5     SMO.obj (.cinit)
                  00339e76    00000058     DSP2833x_Adc.obj (.cinit)
                  00339ece    00000038     Dis.obj (.cinit)
                  00339f06    0000002f     128x64.obj (.cinit)
                  00339f35    00000022     TongXin.obj (.cinit)
                  00339f57    0000000e     DSP2833x_Gpio.obj (.cinit)
                  00339f65    0000000a     rts2800_fpu32.lib : _lock.obj (.cinit)
                  00339f6f    0000000a                       : exit.obj (.cinit)
                  00339f79    00000004     DSP2833x_Sci.obj (.cinit)
                  00339f7d    00000002     --HOLE-- [fill = 0]

.econst    0    00339f80    00000290     
                  00339f80    00000100     DSP2833x_PieVect.obj (.econst)
                  0033a080    00000100     TongXin.obj (.econst:_crc16_table)
                  0033a180    00000087     128x64.obj (.econst:.string)
                  0033a207    00000001     --HOLE-- [fill = 0]
                  0033a208    00000004     DSP2833x_Adc.obj (.econst)
                  0033a20c    00000004     Main.obj (.econst)

codestart 
*          0    0033fff6    00000002     
                  0033fff6    00000002     DSP2833x_CodeStartBranch.obj (codestart)

.adc_cal   0    00380080    00000007     NOLOAD SECTION
                  00380080    00000007     DSP2833x_ADC_cal.obj (.adc_cal)

IQmathTables 
*          0    003fe000    00000b50     NOLOAD SECTION
                  003fe000    00000b50     IQmath_fpu32.lib : IQmathTables.obj (IQmathTables)

.reset     0    003fffc0    00000002     DSECT
                  003fffc0    00000002     rts2800_fpu32.lib : boot.obj (.reset)

vectors    0    003fffc2    00000000     DSECT

.stack     1    00000400    00000400     UNINITIALIZED
                  00000400    00000400     --HOLE--

DevEmuRegsFile 
*          1    00000880    000000d0     UNINITIALIZED
                  00000880    000000d0     DSP2833x_GlobalVariableDefs.obj (DevEmuRegsFile)

FlashRegsFile 
*          1    00000a80    00000008     UNINITIALIZED
                  00000a80    00000008     DSP2833x_GlobalVariableDefs.obj (FlashRegsFile)

CsmRegsFile 
*          1    00000ae0    00000010     UNINITIALIZED
                  00000ae0    00000010     DSP2833x_GlobalVariableDefs.obj (CsmRegsFile)

AdcMirrorFile 
*          1    00000b00    00000010     UNINITIALIZED
                  00000b00    00000010     DSP2833x_GlobalVariableDefs.obj (AdcMirrorFile)

XintfRegsFile 
*          1    00000b20    0000001e     UNINITIALIZED
                  00000b20    0000001e     DSP2833x_GlobalVariableDefs.obj (XintfRegsFile)

CpuTimer0RegsFile 
*          1    00000c00    00000008     UNINITIALIZED
                  00000c00    00000008     DSP2833x_GlobalVariableDefs.obj (CpuTimer0RegsFile)

CpuTimer1RegsFile 
*          1    00000c08    00000008     UNINITIALIZED
                  00000c08    00000008     DSP2833x_GlobalVariableDefs.obj (CpuTimer1RegsFile)

CpuTimer2RegsFile 
*          1    00000c10    00000008     UNINITIALIZED
                  00000c10    00000008     DSP2833x_GlobalVariableDefs.obj (CpuTimer2RegsFile)

PieCtrlRegsFile 
*          1    00000ce0    0000001a     UNINITIALIZED
                  00000ce0    0000001a     DSP2833x_GlobalVariableDefs.obj (PieCtrlRegsFile)

PieVectTableFile 
*          1    00000d00    00000100     UNINITIALIZED
                  00000d00    00000100     DSP2833x_GlobalVariableDefs.obj (PieVectTableFile)

DmaRegsFile 
*          1    00001000    000000e0     UNINITIALIZED
                  00001000    000000e0     DSP2833x_GlobalVariableDefs.obj (DmaRegsFile)

McbspaRegsFile 
*          1    00005000    00000025     UNINITIALIZED
                  00005000    00000025     DSP2833x_GlobalVariableDefs.obj (McbspaRegsFile)

McbspbRegsFile 
*          1    00005040    00000025     UNINITIALIZED
                  00005040    00000025     DSP2833x_GlobalVariableDefs.obj (McbspbRegsFile)

ECanaRegsFile 
*          1    00006000    00000034     UNINITIALIZED
                  00006000    00000034     DSP2833x_GlobalVariableDefs.obj (ECanaRegsFile)

ECanaLAMRegsFile 
*          1    00006040    00000040     UNINITIALIZED
                  00006040    00000040     DSP2833x_GlobalVariableDefs.obj (ECanaLAMRegsFile)

ECanaMOTSRegsFile 
*          1    00006080    00000040     UNINITIALIZED
                  00006080    00000040     DSP2833x_GlobalVariableDefs.obj (ECanaMOTSRegsFile)

ECanaMOTORegsFile 
*          1    000060c0    00000040     UNINITIALIZED
                  000060c0    00000040     DSP2833x_GlobalVariableDefs.obj (ECanaMOTORegsFile)

ECanaMboxesFile 
*          1    00006100    00000100     UNINITIALIZED
                  00006100    00000100     DSP2833x_GlobalVariableDefs.obj (ECanaMboxesFile)

ECanbRegsFile 
*          1    00006200    00000034     UNINITIALIZED
                  00006200    00000034     DSP2833x_GlobalVariableDefs.obj (ECanbRegsFile)

ECanbLAMRegsFile 
*          1    00006240    00000040     UNINITIALIZED
                  00006240    00000040     DSP2833x_GlobalVariableDefs.obj (ECanbLAMRegsFile)

ECanbMOTSRegsFile 
*          1    00006280    00000040     UNINITIALIZED
                  00006280    00000040     DSP2833x_GlobalVariableDefs.obj (ECanbMOTSRegsFile)

ECanbMOTORegsFile 
*          1    000062c0    00000040     UNINITIALIZED
                  000062c0    00000040     DSP2833x_GlobalVariableDefs.obj (ECanbMOTORegsFile)

ECanbMboxesFile 
*          1    00006300    00000100     UNINITIALIZED
                  00006300    00000100     DSP2833x_GlobalVariableDefs.obj (ECanbMboxesFile)

EPwm1RegsFile 
*          1    00006800    00000022     UNINITIALIZED
                  00006800    00000022     DSP2833x_GlobalVariableDefs.obj (EPwm1RegsFile)

EPwm2RegsFile 
*          1    00006840    00000022     UNINITIALIZED
                  00006840    00000022     DSP2833x_GlobalVariableDefs.obj (EPwm2RegsFile)

EPwm3RegsFile 
*          1    00006880    00000022     UNINITIALIZED
                  00006880    00000022     DSP2833x_GlobalVariableDefs.obj (EPwm3RegsFile)

EPwm4RegsFile 
*          1    000068c0    00000022     UNINITIALIZED
                  000068c0    00000022     DSP2833x_GlobalVariableDefs.obj (EPwm4RegsFile)

EPwm5RegsFile 
*          1    00006900    00000022     UNINITIALIZED
                  00006900    00000022     DSP2833x_GlobalVariableDefs.obj (EPwm5RegsFile)

EPwm6RegsFile 
*          1    00006940    00000022     UNINITIALIZED
                  00006940    00000022     DSP2833x_GlobalVariableDefs.obj (EPwm6RegsFile)

ECap1RegsFile 
*          1    00006a00    00000020     UNINITIALIZED
                  00006a00    00000020     DSP2833x_GlobalVariableDefs.obj (ECap1RegsFile)

ECap2RegsFile 
*          1    00006a20    00000020     UNINITIALIZED
                  00006a20    00000020     DSP2833x_GlobalVariableDefs.obj (ECap2RegsFile)

ECap3RegsFile 
*          1    00006a40    00000020     UNINITIALIZED
                  00006a40    00000020     DSP2833x_GlobalVariableDefs.obj (ECap3RegsFile)

ECap4RegsFile 
*          1    00006a60    00000020     UNINITIALIZED
                  00006a60    00000020     DSP2833x_GlobalVariableDefs.obj (ECap4RegsFile)

ECap5RegsFile 
*          1    00006a80    00000020     UNINITIALIZED
                  00006a80    00000020     DSP2833x_GlobalVariableDefs.obj (ECap5RegsFile)

ECap6RegsFile 
*          1    00006aa0    00000020     UNINITIALIZED
                  00006aa0    00000020     DSP2833x_GlobalVariableDefs.obj (ECap6RegsFile)

EQep1RegsFile 
*          1    00006b00    00000040     UNINITIALIZED
                  00006b00    00000040     DSP2833x_GlobalVariableDefs.obj (EQep1RegsFile)

EQep2RegsFile 
*          1    00006b40    00000040     UNINITIALIZED
                  00006b40    00000040     DSP2833x_GlobalVariableDefs.obj (EQep2RegsFile)

GpioCtrlRegsFile 
*          1    00006f80    0000002e     UNINITIALIZED
                  00006f80    0000002e     DSP2833x_GlobalVariableDefs.obj (GpioCtrlRegsFile)

GpioDataRegsFile 
*          1    00006fc0    00000020     UNINITIALIZED
                  00006fc0    00000020     DSP2833x_GlobalVariableDefs.obj (GpioDataRegsFile)

GpioIntRegsFile 
*          1    00006fe0    0000000a     UNINITIALIZED
                  00006fe0    0000000a     DSP2833x_GlobalVariableDefs.obj (GpioIntRegsFile)

SysCtrlRegsFile 
*          1    00007010    00000020     UNINITIALIZED
                  00007010    00000020     DSP2833x_GlobalVariableDefs.obj (SysCtrlRegsFile)

SpiaRegsFile 
*          1    00007040    00000010     UNINITIALIZED
                  00007040    00000010     DSP2833x_GlobalVariableDefs.obj (SpiaRegsFile)

SciaRegsFile 
*          1    00007050    00000010     UNINITIALIZED
                  00007050    00000010     DSP2833x_GlobalVariableDefs.obj (SciaRegsFile)

XIntruptRegsFile 
*          1    00007070    00000010     UNINITIALIZED
                  00007070    00000010     DSP2833x_GlobalVariableDefs.obj (XIntruptRegsFile)

AdcRegsFile 
*          1    00007100    0000001e     UNINITIALIZED
                  00007100    0000001e     DSP2833x_GlobalVariableDefs.obj (AdcRegsFile)

ScibRegsFile 
*          1    00007750    00000010     UNINITIALIZED
                  00007750    00000010     DSP2833x_GlobalVariableDefs.obj (ScibRegsFile)

ScicRegsFile 
*          1    00007770    00000010     UNINITIALIZED
                  00007770    00000010     DSP2833x_GlobalVariableDefs.obj (ScicRegsFile)

I2caRegsFile 
*          1    00007900    00000022     UNINITIALIZED
                  00007900    00000022     DSP2833x_GlobalVariableDefs.obj (I2caRegsFile)

.ebss      1    0000c000    000009d9     UNINITIALIZED
                  0000c000    00000812     TongXin.obj (.ebss)
                  0000c812    00000028     128x64.obj (.ebss)
                  0000c83a    00000006     DSP2833x_Gpio.obj (.ebss)
                  0000c840    00000102     Main.obj (.ebss)
                  0000c942    00000028     DSP2833x_Adc.obj (.ebss)
                  0000c96a    0000000e     Dis.obj (.ebss)
                  0000c978    00000004     rts2800_fpu32.lib : _lock.obj (.ebss)
                  0000c97c    00000004                       : exit.obj (.ebss)
                  0000c980    00000040     SMO.obj (.ebss)
                  0000c9c0    00000018     DSP2833x_CpuTimers.obj (.ebss)
                  0000c9d8    00000001     DSP2833x_Sci.obj (.ebss)

CsmPwlFile 
*          1    0033fff8    00000008     UNINITIALIZED
                  0033fff8    00000008     DSP2833x_GlobalVariableDefs.obj (CsmPwlFile)

PartIdRegsFile 
*          1    00380090    00000001     UNINITIALIZED
                  00380090    00000001     DSP2833x_GlobalVariableDefs.obj (PartIdRegsFile)


GLOBAL DATA SYMBOLS: SORTED BY DATA PAGE

address     data page           name
--------    ----------------    ----
00000400      10 (00000400)     __stack

00000880      22 (00000880)     _DevEmuRegs

00000a80      2a (00000a80)     _FlashRegs

00000ae0      2b (00000ac0)     _CsmRegs

00000b00      2c (00000b00)     _AdcMirror
00000b20      2c (00000b00)     _XintfRegs

00000c00      30 (00000c00)     _CpuTimer0Regs
00000c08      30 (00000c00)     _CpuTimer1Regs
00000c10      30 (00000c00)     _CpuTimer2Regs

00000ce0      33 (00000cc0)     _PieCtrlRegs

00000d00      34 (00000d00)     _PieVectTable

00001000      40 (00001000)     _DmaRegs

00005000     140 (00005000)     _McbspaRegs

00005040     141 (00005040)     _McbspbRegs

00006000     180 (00006000)     _ECanaRegs

00006040     181 (00006040)     _ECanaLAMRegs

00006080     182 (00006080)     _ECanaMOTSRegs

000060c0     183 (000060c0)     _ECanaMOTORegs

00006100     184 (00006100)     _ECanaMboxes

00006200     188 (00006200)     _ECanbRegs

00006240     189 (00006240)     _ECanbLAMRegs

00006280     18a (00006280)     _ECanbMOTSRegs

000062c0     18b (000062c0)     _ECanbMOTORegs

00006300     18c (00006300)     _ECanbMboxes

00006800     1a0 (00006800)     _EPwm1Regs

00006840     1a1 (00006840)     _EPwm2Regs

00006880     1a2 (00006880)     _EPwm3Regs

000068c0     1a3 (000068c0)     _EPwm4Regs

00006900     1a4 (00006900)     _EPwm5Regs

00006940     1a5 (00006940)     _EPwm6Regs

00006a00     1a8 (00006a00)     _ECap1Regs
00006a20     1a8 (00006a00)     _ECap2Regs

00006a40     1a9 (00006a40)     _ECap3Regs
00006a60     1a9 (00006a40)     _ECap4Regs

00006a80     1aa (00006a80)     _ECap5Regs
00006aa0     1aa (00006a80)     _ECap6Regs

00006b00     1ac (00006b00)     _EQep1Regs

00006b40     1ad (00006b40)     _EQep2Regs

00006f80     1be (00006f80)     _GpioCtrlRegs

00006fc0     1bf (00006fc0)     _GpioDataRegs
00006fe0     1bf (00006fc0)     _GpioIntRegs

00007010     1c0 (00007000)     _SysCtrlRegs

00007040     1c1 (00007040)     _SpiaRegs
00007050     1c1 (00007040)     _SciaRegs
00007070     1c1 (00007040)     _XIntruptRegs

00007100     1c4 (00007100)     _AdcRegs

00007750     1dd (00007740)     _ScibRegs
00007770     1dd (00007740)     _ScicRegs

00007900     1e4 (00007900)     _I2caRegs

0000c000     300 (0000c000)     _LuBo_OK
0000c002     300 (0000c000)     _KaiShiTongXin
0000c003     300 (0000c000)     _RS232_OK
0000c004     300 (0000c000)     _RS232_CNT
0000c006     300 (0000c000)     _RS232_RX

0000c040     301 (0000c040)     _RS232_TX

0000c812     320 (0000c800)     _lcd_dis_flag
0000c814     320 (0000c800)     _Lcd_Dat
0000c81a     320 (0000c800)     _addr_tab
0000c83a     320 (0000c800)     _IPM_Fault

0000c840     321 (0000c840)     _LocationEnd
0000c841     321 (0000c840)     _Position
0000c842     321 (0000c840)     _PlaceSetBit
0000c843     321 (0000c840)     _LocationFlag
0000c844     321 (0000c840)     _PositionPhase180
0000c845     321 (0000c840)     _PositionPhase240
0000c846     321 (0000c840)     _PositionPhase60
0000c847     321 (0000c840)     _PositionPhase120
0000c848     321 (0000c840)     _l
0000c849     321 (0000c840)     _IsrTicker
0000c84a     321 (0000c840)     _T3Period
0000c84b     321 (0000c840)     _MPeriod
0000c84c     321 (0000c840)     _BackTicker
0000c84d     321 (0000c840)     _T1Period
0000c84e     321 (0000c840)     _suduchangge
0000c84f     321 (0000c840)     _kkkk
0000c850     321 (0000c840)     _Run_PMSM
0000c851     321 (0000c840)     _speed_give
0000c852     321 (0000c840)     _BuChang
0000c853     321 (0000c840)     _HallAngle
0000c854     321 (0000c840)     _ShangDian_Err
0000c855     321 (0000c840)     _TotalCnt
0000c856     321 (0000c840)     _SpeedLoopCount
0000c857     321 (0000c840)     _Hall_Fault
0000c858     321 (0000c840)     _PositionPhase360
0000c859     321 (0000c840)     _SpeedLoopPrescaler
0000c85a     321 (0000c840)     _BaseSpeed
0000c85b     321 (0000c840)     _Sector
0000c85c     321 (0000c840)     _DirectionQep
0000c85d     321 (0000c840)     _Speed_run
0000c85e     321 (0000c840)     _PositionPhase300
0000c860     321 (0000c840)     _Speed_Up1
0000c862     321 (0000c840)     _Speed_OutPreSat
0000c864     321 (0000c840)     _Ubeta
0000c866     321 (0000c840)     _Ualfa
0000c868     321 (0000c840)     _Uq
0000c86a     321 (0000c840)     _Ud
0000c86c     321 (0000c840)     _B0
0000c86e     321 (0000c840)     _Speed_SatError
0000c870     321 (0000c840)     _Speed_Ui
0000c872     321 (0000c840)     _Speed_OutMin
0000c874     321 (0000c840)     _Speed_OutMax
0000c876     321 (0000c840)     _Speed_Out
0000c878     321 (0000c840)     _IQ_Up1
0000c87a     321 (0000c840)     _IQ_Up
0000c87c     321 (0000c840)     _IQ_OutPreSat
0000c87e     321 (0000c840)     _IQ_Ui

0000c880     322 (0000c880)     _IQ_SatError
0000c882     322 (0000c880)     _IQ_Given
0000c884     322 (0000c880)     _ID_Out
0000c886     322 (0000c880)     _IQ_Fdb
0000c888     322 (0000c880)     _IQ_Ref
0000c88a     322 (0000c880)     _Speed_Fdb
0000c88c     322 (0000c880)     _Speed_Ref
0000c88e     322 (0000c880)     _LineEncoder
0000c890     322 (0000c880)     _Speed_Error
0000c892     322 (0000c880)     _Speed_Up
0000c894     322 (0000c880)     _IQ_OutMax
0000c896     322 (0000c880)     _IQ_Error
0000c898     322 (0000c880)     _IQ_Out
0000c89a     322 (0000c880)     _IQ_OutMin
0000c89c     322 (0000c880)     _RawCnt2
0000c89e     322 (0000c880)     _theta_err
0000c8a0     322 (0000c880)     _MinSpeedRef
0000c8a2     322 (0000c880)     _RawCnt1
0000c8a4     322 (0000c880)     _IQ_Ki
0000c8a6     322 (0000c880)     _IQ_Kp
0000c8a8     322 (0000c880)     _ID_Ki
0000c8aa     322 (0000c880)     _ID_Kp
0000c8ac     322 (0000c880)     _ElecTheta3
0000c8ae     322 (0000c880)     _Speed_Ki
0000c8b0     322 (0000c880)     _Speed_Kp
0000c8b2     322 (0000c880)     _Z
0000c8b4     322 (0000c880)     _Y
0000c8b6     322 (0000c880)     _t2
0000c8b8     322 (0000c880)     _t1
0000c8ba     322 (0000c880)     _B1
0000c8bc     322 (0000c880)     _Speed_Given
0000c8be     322 (0000c880)     _X

0000c8c0     323 (0000c8c0)     _B2
0000c8c2     323 (0000c8c0)     _Ta
0000c8c4     323 (0000c8c0)     _TEMP2
0000c8c6     323 (0000c8c0)     _MfuncD3
0000c8c8     323 (0000c8c0)     _SpeedScaler
0000c8ca     323 (0000c8c0)     _MechScaler
0000c8cc     323 (0000c8c0)     _Tc
0000c8ce     323 (0000c8c0)     _Tb
0000c8d0     323 (0000c8c0)     _MfuncD2
0000c8d2     323 (0000c8c0)     _MfuncD1
0000c8d4     323 (0000c8c0)     _DACTemp1
0000c8d6     323 (0000c8c0)     _DACTemp0
0000c8d8     323 (0000c8c0)     _MfuncC1
0000c8da     323 (0000c8c0)     _DACTemp2
0000c8dc     323 (0000c8c0)     _MfuncF1
0000c8de     323 (0000c8c0)     _PosCount
0000c8e0     323 (0000c8c0)     _MfuncF3
0000c8e2     323 (0000c8c0)     _MfuncF2
0000c8e4     323 (0000c8c0)     _SpeedRpm
0000c8e6     323 (0000c8c0)     _SpeedRef
0000c8e8     323 (0000c8c0)     _RawThetaTmp
0000c8ea     323 (0000c8c0)     _MfuncC3
0000c8ec     323 (0000c8c0)     _MfuncC2
0000c8ee     323 (0000c8c0)     _OldRawTheta
0000c8f0     323 (0000c8c0)     _NewRawTheta
0000c8f2     323 (0000c8c0)     _i
0000c8f4     323 (0000c8c0)     _k
0000c8f6     323 (0000c8c0)     _j
0000c8f8     323 (0000c8c0)     _Place_now
0000c8fa     323 (0000c8c0)     _PlaceError
0000c8fc     323 (0000c8c0)     _OutPreSat_Place
0000c8fe     323 (0000c8c0)     _Now_P

0000c900     324 (0000c900)     _Modulation
0000c902     324 (0000c900)     _Tmp
0000c904     324 (0000c900)     _iq
0000c906     324 (0000c900)     _id
0000c908     324 (0000c900)     _ID_Ref
0000c90a     324 (0000c900)     _ID_Given
0000c90c     324 (0000c900)     _ID_Fdb
0000c90e     324 (0000c900)     _ib
0000c910     324 (0000c900)     _ia
0000c912     324 (0000c900)     _ialfa
0000c914     324 (0000c900)     _ic
0000c916     324 (0000c900)     _ibeta
0000c918     324 (0000c900)     _ID_SatError
0000c91a     324 (0000c900)     _ID_OutPreSat
0000c91c     324 (0000c900)     _ID_OutMin
0000c91e     324 (0000c900)     _ID_OutMax
0000c920     324 (0000c900)     _E_Ding_DianLiu
0000c922     324 (0000c900)     _ID_Error
0000c924     324 (0000c900)     _MinSpeedLimit
0000c926     324 (0000c900)     _ID_Up1
0000c928     324 (0000c900)     _ID_Up
0000c92a     324 (0000c900)     _OpenLoopcnt
0000c92c     324 (0000c900)     _TotalPulse
0000c92e     324 (0000c900)     _AnglePU
0000c930     324 (0000c900)     _MechTheta
0000c932     324 (0000c900)     _Speed
0000c934     324 (0000c900)     _OldRawThetaPos
0000c936     324 (0000c900)     _RawTheta
0000c938     324 (0000c900)     _Cosine
0000c93a     324 (0000c900)     _OpenLoop_IqGiven
0000c93c     324 (0000c900)     _ID_Ui
0000c93e     324 (0000c900)     _Sine

0000c940     325 (0000c940)     _ElecTheta2
0000c942     325 (0000c940)     _I_B
0000c943     325 (0000c940)     _DC_ON_OPEN
0000c944     325 (0000c940)     _ADC_V
0000c945     325 (0000c940)     _ADC_U
0000c947     325 (0000c940)     _I_A
0000c948     325 (0000c940)     _GuoliuZhi
0000c949     325 (0000c940)     _U_dc_dis
0000c94a     325 (0000c940)     _DC_ON_flag
0000c94b     325 (0000c940)     _HALL_V
0000c94c     325 (0000c940)     _HALL_U
0000c94d     325 (0000c940)     _O_Current
0000c94e     325 (0000c940)     _I_C
0000c950     325 (0000c940)     _IC_MAX
0000c952     325 (0000c940)     _IB_MAX
0000c954     325 (0000c940)     _U_dc
0000c956     325 (0000c940)     _IA_MAX
0000c958     325 (0000c940)     _DC_ON_CNT
0000c95a     325 (0000c940)     _AD_BUF
0000c96d     325 (0000c940)     _MinSpeedRPM
0000c974     325 (0000c940)     _Key_Flag
0000c975     325 (0000c940)     _Show_time
0000c976     325 (0000c940)     _Show_time2
0000c977     325 (0000c940)     _ch454_key
0000c978     325 (0000c940)     __unlock
0000c97a     325 (0000c940)     __lock
0000c97c     325 (0000c940)     __cleanup_ptr
0000c97e     325 (0000c940)     __dtors_ptr

0000c980     326 (0000c980)     _LockTime
0000c981     326 (0000c980)     _PolePairs
0000c982     326 (0000c980)     _OpenLoop
0000c983     326 (0000c980)     _Startup_Lock
0000c984     326 (0000c980)     _AccumThetaCnt
0000c986     326 (0000c980)     _OldEstimatedTheta
0000c988     326 (0000c980)     _EstimatedSpeed
0000c98a     326 (0000c980)     _EstIbeta
0000c98c     326 (0000c980)     _EstIalpha
0000c98e     326 (0000c980)     _K3
0000c990     326 (0000c980)     _Kslide
0000c992     326 (0000c980)     _Gsmopos
0000c994     326 (0000c980)     _ElecTheta
0000c996     326 (0000c980)     _Kslf
0000c998     326 (0000c980)     _EstimatedTheta
0000c99a     326 (0000c980)     _IalphaError
0000c99c     326 (0000c980)     _Ebeta
0000c99e     326 (0000c980)     _IbetaError
0000c9a0     326 (0000c980)     _Zbeta
0000c9a2     326 (0000c980)     _Ealpha
0000c9a4     326 (0000c980)     _Fsmopos
0000c9a6     326 (0000c980)     _Zalpha
0000c9a8     326 (0000c980)     _K2
0000c9aa     326 (0000c980)     _K1
0000c9ac     326 (0000c980)     _LockTimeInSec
0000c9ae     326 (0000c980)     _qVdSquared
0000c9b0     326 (0000c980)     _OPENLOOPTIMEINSEC
0000c9b2     326 (0000c980)     _SMOError
0000c9b4     326 (0000c980)     _Ts
0000c9b6     326 (0000c980)     _Ls
0000c9b8     326 (0000c980)     _Rs
0000c9ba     326 (0000c980)     _EndSpeed
0000c9bc     326 (0000c980)     _Startup_Ramp
0000c9be     326 (0000c980)     _qAngle

0000c9c0     327 (0000c9c0)     _CpuTimer1
0000c9c8     327 (0000c9c0)     _CpuTimer2
0000c9d0     327 (0000c9c0)     _CpuTimer0
0000c9d8     327 (0000c9c0)     _speed_dis

00339f80    ce7e (00339f80)     _PieVectTableInit

0033a080    ce82 (0033a080)     _crc16_table

0033fff8    cfff (0033ffc0)     _CsmPwl

00380090    e002 (00380080)     _PartIdRegs

003fe000    ff80 (003fe000)     _IQsinTable

003fe100    ff84 (003fe100)     _IQcosTable

003fe400    ff90 (003fe400)     _IQsinTableEnd

003fe502    ff94 (003fe500)     _IQcosTableEnd
003fe502    ff94 (003fe500)     _IQdivRoundSatTable
003fe510    ff94 (003fe500)     _IQdivTable

003fe712    ff9c (003fe700)     _IQdivTableEnd
003fe712    ff9c (003fe700)     _IQisqrtRoundSatTable
003fe712    ff9c (003fe700)     _IQsqrtRoundSatTable
003fe722    ff9c (003fe700)     _IQisqrtTable
003fe722    ff9c (003fe700)     _IQsqrtTable

003fe824    ffa0 (003fe800)     _IQatan2HalfPITable
003fe824    ffa0 (003fe800)     _IQisqrtTableEnd
003fe824    ffa0 (003fe800)     _IQsqrtTableEnd

003fe862    ffa1 (003fe840)     _IQatan2Table

003fe9e8    ffa7 (003fe9c0)     _IQ30mpyRndSatTable
003fe9e8    ffa7 (003fe9c0)     _IQatan2TableEnd
003fe9e8    ffa7 (003fe9c0)     _IQmpyRndSatTable
003fe9f4    ffa7 (003fe9c0)     _IQ29mpyRndSatTable

003fea00    ffa8 (003fea00)     _IQ28mpyRndSatTable
003fea0c    ffa8 (003fea00)     _IQ27mpyRndSatTable
003fea18    ffa8 (003fea00)     _IQ26mpyRndSatTable
003fea24    ffa8 (003fea00)     _IQ25mpyRndSatTable
003fea30    ffa8 (003fea00)     _IQ24mpyRndSatTable
003fea3c    ffa8 (003fea00)     _IQ23mpyRndSatTable

003fea48    ffa9 (003fea40)     _IQ22mpyRndSatTable
003fea54    ffa9 (003fea40)     _IQ21mpyRndSatTable
003fea60    ffa9 (003fea40)     _IQ20mpyRndSatTable
003fea6c    ffa9 (003fea40)     _IQ19mpyRndSatTable
003fea78    ffa9 (003fea40)     _IQ18mpyRndSatTable

003fea84    ffaa (003fea80)     _IQ17mpyRndSatTable
003fea90    ffaa (003fea80)     _IQ16mpyRndSatTable
003fea9c    ffaa (003fea80)     _IQ15mpyRndSatTable
003feaa8    ffaa (003fea80)     _IQ14mpyRndSatTable
003feab4    ffaa (003fea80)     _IQ13mpyRndSatTable

003feac0    ffab (003feac0)     _IQ12mpyRndSatTable
003feacc    ffab (003feac0)     _IQ11mpyRndSatTable
003fead8    ffab (003feac0)     _IQ10mpyRndSatTable
003feae4    ffab (003feac0)     _IQ9mpyRndSatTable
003feaf0    ffab (003feac0)     _IQ8mpyRndSatTable
003feafc    ffab (003feac0)     _IQ7mpyRndSatTable

003feb08    ffac (003feb00)     _IQ6mpyRndSatTable
003feb14    ffac (003feb00)     _IQ5mpyRndSatTable
003feb20    ffac (003feb00)     _IQ4mpyRndSatTable
003feb2c    ffac (003feb00)     _IQ3mpyRndSatTable
003feb38    ffac (003feb00)     _IQ2mpyRndSatTable

003feb44    ffad (003feb40)     _IQ1mpyRndSatTable
003feb50    ffad (003feb40)     _IQmpyRndSatTableEnd


GLOBAL SYMBOLS: SORTED ALPHABETICALLY BY Name 

address    name
--------   ----
00338000   .text
00339ad6   C$$EXIT
00339878   FD$$MPY
00339a63   FD$$TOL
003397f0   FS$$DIV
00339a9f   FS$$TOFD
00339a82   I$$TOFD
00339b04   U$$DIV
00339b09   U$$MOD
00338a71   _ADCINT_ISR
00338690   _ADC_Soc_Init
0000c945   _ADC_U
0000c944   _ADC_V
00380080   _ADC_cal
0000c95a   _AD_BUF
0000c984   _AccumThetaCnt
0033870d   _Ad_CaiJi
00000b00   _AdcMirror
00007100   _AdcRegs
0000c92e   _AnglePU
0000c86c   _B0
0000c8ba   _B1
0000c8c0   _B2
0000c84c   _BackTicker
0000c85a   _BaseSpeed
0000c852   _BuChang
00339019   _CPU_RUN
00339755   _CRC_16
00339934   _ConfigCpuTimer
0000c938   _Cosine
0000c9d0   _CpuTimer0
00000c00   _CpuTimer0Regs
0000c9c0   _CpuTimer1
00000c08   _CpuTimer1Regs
0000c9c8   _CpuTimer2
00000c10   _CpuTimer2Regs
0033fff8   _CsmPwl
00000ae0   _CsmRegs
00339636   _CsmUnlock
0000c8d6   _DACTemp0
0000c8d4   _DACTemp1
0000c8da   _DACTemp2
0033899f   _DATALOG_ISR
00338856   _DC_Link
0000c958   _DC_ON_CNT
0000c943   _DC_ON_OPEN
0000c94a   _DC_ON_flag
00338b93   _DINTCH1_ISR
00338b9d   _DINTCH2_ISR
00338ba7   _DINTCH3_ISR
00338bb1   _DINTCH4_ISR
00338bbb   _DINTCH5_ISR
00338bc5   _DINTCH6_ISR
00008058   _DSP28x_usDelay
0033866f   _DelayUS
00338ca1   _DelayUS2
00000880   _DevEmuRegs
0000c85c   _DirectionQep
00339589   _DisableDog
00001000   _DmaRegs
00338c1f   _ECAN0INTA_ISR
00338c33   _ECAN0INTB_ISR
00338c29   _ECAN1INTA_ISR
00338c3d   _ECAN1INTB_ISR
00338b07   _ECAP1_INT_ISR
00338b11   _ECAP2_INT_ISR
00338b1b   _ECAP3_INT_ISR
00338b25   _ECAP4_INT_ISR
00338b2f   _ECAP5_INT_ISR
00338b39   _ECAP6_INT_ISR
00006040   _ECanaLAMRegs
000060c0   _ECanaMOTORegs
00006080   _ECanaMOTSRegs
00006100   _ECanaMboxes
00006000   _ECanaRegs
00006240   _ECanbLAMRegs
000062c0   _ECanbMOTORegs
00006280   _ECanbMOTSRegs
00006300   _ECanbMboxes
00006200   _ECanbRegs
00006a00   _ECap1Regs
00006a20   _ECap2Regs
00006a40   _ECap3Regs
00006a60   _ECap4Regs
00006a80   _ECap5Regs
00006aa0   _ECap6Regs
003389b3   _EMUINT_ISR
00338acb   _EPWM1_INT_ISR
00338a8f   _EPWM1_TZINT_ISR
00338ad5   _EPWM2_INT_ISR
00338a99   _EPWM2_TZINT_ISR
00338adf   _EPWM3_INT_ISR
00338aa3   _EPWM3_TZINT_ISR
00338ae9   _EPWM4_INT_ISR
00338aad   _EPWM4_TZINT_ISR
00338af3   _EPWM5_INT_ISR
00338ab7   _EPWM5_TZINT_ISR
00338afd   _EPWM6_INT_ISR
00338ac1   _EPWM6_TZINT_ISR
00338000   _EPWM_1_INT
00006800   _EPwm1Regs
00006840   _EPwm2Regs
00006880   _EPwm3Regs
000068c0   _EPwm4Regs
00006900   _EPwm5Regs
00006940   _EPwm6Regs
00338b43   _EQEP1_INT_ISR
00338b4d   _EQEP2_INT_ISR
00006b00   _EQep1Regs
00006b40   _EQep2Regs
0000c920   _E_Ding_DianLiu
0000c9a2   _Ealpha
0000c99c   _Ebeta
0000c994   _ElecTheta
0000c940   _ElecTheta2
0000c8ac   _ElecTheta3
00339a3a   _EnableInterrupts
0000c9ba   _EndSpeed
0000c98c   _EstIalpha
0000c98a   _EstIbeta
0000c988   _EstimatedSpeed
0000c998   _EstimatedTheta
00000a80   _FlashRegs
0000c9a4   _Fsmopos
00006f80   _GpioCtrlRegs
00006fc0   _GpioDataRegs
00006fe0   _GpioIntRegs
0000c992   _Gsmopos
0000c948   _GuoliuZhi
0000c94c   _HALL_U
0000c94b   _HALL_V
0000c853   _HallAngle
0000c857   _Hall_Fault
00338bcf   _I2CINT1A_ISR
00338bd9   _I2CINT2A_ISR
00007900   _I2caRegs
0000c956   _IA_MAX
0000c952   _IB_MAX
0000c950   _IC_MAX
0000c922   _ID_Error
0000c90c   _ID_Fdb
0000c90a   _ID_Given
0000c8a8   _ID_Ki
0000c8aa   _ID_Kp
0000c884   _ID_Out
0000c91e   _ID_OutMax
0000c91c   _ID_OutMin
0000c91a   _ID_OutPreSat
0000c908   _ID_Ref
0000c918   _ID_SatError
0000c93c   _ID_Ui
0000c928   _ID_Up
0000c926   _ID_Up1
003389c7   _ILLEGAL_ISR
0033898b   _INT13_ISR
00338995   _INT14_ISR
0033865e   _INT3_ISR
003390c1   _IPM_BaoHu
0000c83a   _IPM_Fault
003fead8   _IQ10mpyRndSatTable
003feacc   _IQ11mpyRndSatTable
003feac0   _IQ12mpyRndSatTable
003feab4   _IQ13mpyRndSatTable
003feaa8   _IQ14mpyRndSatTable
003fea9c   _IQ15mpyRndSatTable
003fea90   _IQ16mpyRndSatTable
003fea84   _IQ17mpyRndSatTable
003fea78   _IQ18mpyRndSatTable
003fea6c   _IQ19mpyRndSatTable
003feb44   _IQ1mpyRndSatTable
003fea60   _IQ20mpyRndSatTable
003fea54   _IQ21mpyRndSatTable
003fea48   _IQ22mpyRndSatTable
003fea3c   _IQ23mpyRndSatTable
003fea30   _IQ24mpyRndSatTable
003fea24   _IQ25mpyRndSatTable
003fea18   _IQ26mpyRndSatTable
003fea0c   _IQ27mpyRndSatTable
003fea00   _IQ28mpyRndSatTable
003fe9f4   _IQ29mpyRndSatTable
003feb38   _IQ2mpyRndSatTable
003fe9e8   _IQ30mpyRndSatTable
003feb2c   _IQ3mpyRndSatTable
003feb20   _IQ4mpyRndSatTable
003feb14   _IQ5mpyRndSatTable
003feb08   _IQ6mpyRndSatTable
003feafc   _IQ7mpyRndSatTable
003feaf0   _IQ8mpyRndSatTable
003feae4   _IQ9mpyRndSatTable
0000c896   _IQ_Error
0000c886   _IQ_Fdb
0000c882   _IQ_Given
0000c8a4   _IQ_Ki
0000c8a6   _IQ_Kp
0000c898   _IQ_Out
0000c894   _IQ_OutMax
0000c89a   _IQ_OutMin
0000c87c   _IQ_OutPreSat
0000c888   _IQ_Ref
0000c880   _IQ_SatError
0000c87e   _IQ_Ui
0000c87a   _IQ_Up
0000c878   _IQ_Up1
003fe824   _IQatan2HalfPITable
003fe862   _IQatan2Table
003fe9e8   _IQatan2TableEnd
003fe100   _IQcosTable
003fe502   _IQcosTableEnd
003fe502   _IQdivRoundSatTable
003fe510   _IQdivTable
003fe712   _IQdivTableEnd
003fe712   _IQisqrtRoundSatTable
003fe722   _IQisqrtTable
003fe824   _IQisqrtTableEnd
003fe9e8   _IQmpyRndSatTable
003feb50   _IQmpyRndSatTableEnd
003fe000   _IQsinTable
003fe400   _IQsinTableEnd
003fe712   _IQsqrtRoundSatTable
003fe722   _IQsqrtTable
003fe824   _IQsqrtTableEnd
0000c947   _I_A
0000c942   _I_B
0000c94e   _I_C
0000c99a   _IalphaError
0000c99e   _IbetaError
0033867c   _InitAdc
003398fb   _InitCpuTimers
003390e4   _InitEPwm
003391c7   _InitEPwm1Gpio
003391f3   _InitEPwm2Gpio
00339201   _InitEPwm3Gpio
00339215   _InitEPwm4Gpio
00339229   _InitEPwm5Gpio
0033923b   _InitEPwm6Gpio
003391c4   _InitEPwmGpio
0033924d   _InitEPwmSyncGpio
0033910c   _InitEPwm_1_2_3
0000803d   _InitFlash
00338f10   _InitGpio
003395dd   _InitPeripheralClocks
00339a1b   _InitPieCtrl
00339a43   _InitPieVectTable
00339591   _InitPll
003399e9   _InitSci_B
00339a03   _InitSci_C
003399b5   _InitSpi
003399c6   _InitSpiGpio
003399c9   _InitSpiaGpio
00339576   _InitSysCtrl
00339261   _InitTzGpio
00338fef   _Init_Scib_Gpio
00339003   _Init_Scic_Gpio
003396e5   _Init_SiShu
00338d36   _Init_lcd
00338cae   _Init_lcd_Gpio
0000c849   _IsrTicker
003388a8   _JiSuan_Dl
0000c9aa   _K1
0000c9a8   _K2
0000c98e   _K3
0000c002   _KaiShiTongXin
0000c974   _Key_Flag
0000c996   _Kslf
0000c990   _Kslide
00338ee7   _LCD_DIS
00338cc0   _LCD_SendByte
00338c83   _LUF_ISR
00338c79   _LVF_ISR
0000c814   _Lcd_Dat
00338ddf   _Lcd_Dis_DL
00338da2   _Lcd_Dis_RPM
00338d71   _Lcd_Dis_Udc
00338e45   _Lcd_Dis_sheding
00338cf1   _Lcd_WriteCmd
00338d05   _Lcd_WriteData
0000c88e   _LineEncoder
0000c840   _LocationEnd
0000c843   _LocationFlag
0000c980   _LockTime
0000c9ac   _LockTimeInSec
0000c9b6   _Ls
0033976d   _LuBo
0000c000   _LuBo_OK
0000c84b   _MPeriod
00338b7f   _MRINTA_ISR
00338b6b   _MRINTB_ISR
00338b89   _MXINTA_ISR
00338b75   _MXINTB_ISR
00005000   _McbspaRegs
00005040   _McbspbRegs
0000c8ca   _MechScaler
0000c930   _MechTheta
00339aef   _MemCopy
0000c8d8   _MfuncC1
0000c8ec   _MfuncC2
0000c8ea   _MfuncC3
0000c8d2   _MfuncD1
0000c8d0   _MfuncD2
0000c8c6   _MfuncD3
0000c8dc   _MfuncF1
0000c8e2   _MfuncF2
0000c8e0   _MfuncF3
0000c924   _MinSpeedLimit
0000c96d   _MinSpeedRPM
0000c8a0   _MinSpeedRef
0000c900   _Modulation
003389bd   _NMI_ISR
0000c8f0   _NewRawTheta
0000c8fe   _Now_P
0000c9b0   _OPENLOOPTIMEINSEC
0000c94d   _O_Current
0000c986   _OldEstimatedTheta
0000c8ee   _OldRawTheta
0000c934   _OldRawThetaPos
0000c982   _OpenLoop
0000c93a   _OpenLoop_IqGiven
0000c92a   _OpenLoopcnt
0000c8fc   _OutPreSat_Place
00338c8d   _PIE_RESERVED
00339444   _ParaInt
00380090   _PartIdRegs
00000ce0   _PieCtrlRegs
00000d00   _PieVectTable
00339f80   _PieVectTableInit
0000c8fa   _PlaceError
0000c842   _PlaceSetBit
0000c8f8   _Place_now
0000c981   _PolePairs
0000c8de   _PosCount
0000c841   _Position
0000c847   _PositionPhase120
0000c844   _PositionPhase180
0000c845   _PositionPhase240
0000c85e   _PositionPhase300
0000c858   _PositionPhase360
0000c846   _PositionPhase60
003390e5   _QEP_Init
0000c004   _RS232_CNT
0000c003   _RS232_OK
0000c006   _RS232_RX
00008000   _RS232_SendBytes
0000c040   _RS232_TX
003389a9   _RTOSINT_ISR
0032005c   _RamfuncsLoadEnd
00320000   _RamfuncsLoadStart
00008000   _RamfuncsRunStart
0000c8a2   _RawCnt1
0000c89c   _RawCnt2
0000c936   _RawTheta
0000c8e8   _RawThetaTmp
003392f9   _Read_key
0000c9b8   _Rs
0000c850   _Run_PMSM
0033864d   _SCIBRX_ISR
00338bf7   _SCIRXINTA_ISR
00338c0b   _SCIRXINTB_ISR
00338be3   _SCIRXINTC_ISR
00338c01   _SCITXINTA_ISR
00338c15   _SCITXINTB_ISR
00338bed   _SCITXINTC_ISR
00338a49   _SEQ1INT_ISR
00338a53   _SEQ2INT_ISR
0000c9b2   _SMOError
00338b57   _SPIRXINTA_ISR
00338b61   _SPITXINTA_ISR
00007050   _SciaRegs
00007750   _ScibRegs
00007770   _ScicRegs
0000c85b   _Sector
0033957f   _ServiceDog
0000c854   _ShangDian_Err
0000c975   _Show_time
0000c976   _Show_time2
0000c93e   _Sine
0000c932   _Speed
0000c856   _SpeedLoopCount
0000c859   _SpeedLoopPrescaler
0000c8e6   _SpeedRef
0000c8e4   _SpeedRpm
0000c8c8   _SpeedScaler
0000c890   _Speed_Error
0000c88a   _Speed_Fdb
0000c8bc   _Speed_Given
0000c8ae   _Speed_Ki
0000c8b0   _Speed_Kp
0000c876   _Speed_Out
0000c874   _Speed_OutMax
0000c872   _Speed_OutMin
0000c862   _Speed_OutPreSat
0000c88c   _Speed_Ref
0000c86e   _Speed_SatError
0000c870   _Speed_Ui
0000c892   _Speed_Up
0000c860   _Speed_Up1
0000c85d   _Speed_run
00007040   _SpiaRegs
0000c983   _Startup_Lock
0000c9bc   _Startup_Ramp
00339423   _StopParaInt
00007010   _SysCtrlRegs
0000c84d   _T1Period
0000c84a   _T3Period
0000c8c4   _TEMP2
00338a7b   _TINT0_ISR
0000801d   _TX232_ChuLi
0000c8c2   _Ta
0000c8ce   _Tb
0000c8cc   _Tc
0000c902   _Tmp
0000c855   _TotalCnt
0000c92c   _TotalPulse
0000c9b4   _Ts
00338a2b   _USER10_ISR
00338a35   _USER11_ISR
00338a3f   _USER12_ISR
003389d1   _USER1_ISR
003389db   _USER2_ISR
003389e5   _USER3_ISR
003389ef   _USER4_ISR
003389f9   _USER5_ISR
00338a03   _USER6_ISR
00338a0d   _USER7_ISR
00338a17   _USER8_ISR
00338a21   _USER9_ISR
0000c954   _U_dc
0000c949   _U_dc_dis
0000c866   _Ualfa
0000c864   _Ubeta
0000c86a   _Ud
0000c868   _Uq
00338a85   _WAKEINT_ISR
0000c8be   _X
00338a5d   _XINT1_ISR
00338a67   _XINT2_ISR
00338c47   _XINT3_ISR
00338c51   _XINT4_ISR
00338c5b   _XINT5_ISR
00338c65   _XINT6_ISR
00338c6f   _XINT7_ISR
00007070   _XIntruptRegs
00000b20   _XintfRegs
0000c8b4   _Y
0000c8b2   _Z
0000c9a6   _Zalpha
0000c9a0   _Zbeta
00328000   __IQ15atan2PU
003280fb   __IQ15cosPU
0032808b   __IQ15div
003280d2   __IQ15sinPU
00328122   __IQ15toF
00000800   __STACK_END
00000400   __STACK_SIZE
00000001   __TI_args_main
ffffffff   ___binit__
ffffffff   ___c_args__
00339b20   ___cinit__
00339b20   ___etext__
ffffffff   ___pinit__
00338000   ___text__
00339abb   __args_main
0000c97c   __cleanup_ptr
0000c97e   __dtors_ptr
0000c97a   __lock
00339b17   __nop
00339b13   __register_lock
00339b0f   __register_unlock
00000400   __stack
0000c978   __unlock
00339ad6   _abort
0000c81a   _addr_tab
0033996f   _c_int00
0000c977   _ch454_key
00339747   _crc16_byte
0033a080   _crc16_table
00339420   _deal_key
00339373   _deal_key_lcd
00339059   _eva_close
00339039   _eva_open
00339ad8   _exit
00338d19   _hanzi_Disp
0000c8f2   _i
0000c910   _ia
0000c912   _ialfa
0000c90e   _ib
0000c916   _ibeta
0000c914   _ic
0000c906   _id
00339297   _iic_delay
0000c904   _iq
0000c8f6   _j
0000c8f4   _k
0000c84f   _kkkk
0000c848   _l
0000c812   _lcd_dis_flag
00339667   _main
0000c9be   _qAngle
0000c9ae   _qVdSquared
00338c97   _rsvd_ISR
003394c9   _smopos_calc
0000c9d8   _speed_dis
0033947f   _speed_est_calc
0000c851   _speed_give
0000c84e   _suduchangge
0000c8b8   _t1
0000c8b6   _t2
0000c89e   _theta_err
ffffffff   binit
00339b20   cinit
0033fff6   code_start
00339b20   etext
ffffffff   pinit


GLOBAL SYMBOLS: SORTED BY Symbol Address 

address    name
--------   ----
00000001   __TI_args_main
00000400   __STACK_SIZE
00000400   __stack
00000800   __STACK_END
00000880   _DevEmuRegs
00000a80   _FlashRegs
00000ae0   _CsmRegs
00000b00   _AdcMirror
00000b20   _XintfRegs
00000c00   _CpuTimer0Regs
00000c08   _CpuTimer1Regs
00000c10   _CpuTimer2Regs
00000ce0   _PieCtrlRegs
00000d00   _PieVectTable
00001000   _DmaRegs
00005000   _McbspaRegs
00005040   _McbspbRegs
00006000   _ECanaRegs
00006040   _ECanaLAMRegs
00006080   _ECanaMOTSRegs
000060c0   _ECanaMOTORegs
00006100   _ECanaMboxes
00006200   _ECanbRegs
00006240   _ECanbLAMRegs
00006280   _ECanbMOTSRegs
000062c0   _ECanbMOTORegs
00006300   _ECanbMboxes
00006800   _EPwm1Regs
00006840   _EPwm2Regs
00006880   _EPwm3Regs
000068c0   _EPwm4Regs
00006900   _EPwm5Regs
00006940   _EPwm6Regs
00006a00   _ECap1Regs
00006a20   _ECap2Regs
00006a40   _ECap3Regs
00006a60   _ECap4Regs
00006a80   _ECap5Regs
00006aa0   _ECap6Regs
00006b00   _EQep1Regs
00006b40   _EQep2Regs
00006f80   _GpioCtrlRegs
00006fc0   _GpioDataRegs
00006fe0   _GpioIntRegs
00007010   _SysCtrlRegs
00007040   _SpiaRegs
00007050   _SciaRegs
00007070   _XIntruptRegs
00007100   _AdcRegs
00007750   _ScibRegs
00007770   _ScicRegs
00007900   _I2caRegs
00008000   _RS232_SendBytes
00008000   _RamfuncsRunStart
0000801d   _TX232_ChuLi
0000803d   _InitFlash
00008058   _DSP28x_usDelay
0000c000   _LuBo_OK
0000c002   _KaiShiTongXin
0000c003   _RS232_OK
0000c004   _RS232_CNT
0000c006   _RS232_RX
0000c040   _RS232_TX
0000c812   _lcd_dis_flag
0000c814   _Lcd_Dat
0000c81a   _addr_tab
0000c83a   _IPM_Fault
0000c840   _LocationEnd
0000c841   _Position
0000c842   _PlaceSetBit
0000c843   _LocationFlag
0000c844   _PositionPhase180
0000c845   _PositionPhase240
0000c846   _PositionPhase60
0000c847   _PositionPhase120
0000c848   _l
0000c849   _IsrTicker
0000c84a   _T3Period
0000c84b   _MPeriod
0000c84c   _BackTicker
0000c84d   _T1Period
0000c84e   _suduchangge
0000c84f   _kkkk
0000c850   _Run_PMSM
0000c851   _speed_give
0000c852   _BuChang
0000c853   _HallAngle
0000c854   _ShangDian_Err
0000c855   _TotalCnt
0000c856   _SpeedLoopCount
0000c857   _Hall_Fault
0000c858   _PositionPhase360
0000c859   _SpeedLoopPrescaler
0000c85a   _BaseSpeed
0000c85b   _Sector
0000c85c   _DirectionQep
0000c85d   _Speed_run
0000c85e   _PositionPhase300
0000c860   _Speed_Up1
0000c862   _Speed_OutPreSat
0000c864   _Ubeta
0000c866   _Ualfa
0000c868   _Uq
0000c86a   _Ud
0000c86c   _B0
0000c86e   _Speed_SatError
0000c870   _Speed_Ui
0000c872   _Speed_OutMin
0000c874   _Speed_OutMax
0000c876   _Speed_Out
0000c878   _IQ_Up1
0000c87a   _IQ_Up
0000c87c   _IQ_OutPreSat
0000c87e   _IQ_Ui
0000c880   _IQ_SatError
0000c882   _IQ_Given
0000c884   _ID_Out
0000c886   _IQ_Fdb
0000c888   _IQ_Ref
0000c88a   _Speed_Fdb
0000c88c   _Speed_Ref
0000c88e   _LineEncoder
0000c890   _Speed_Error
0000c892   _Speed_Up
0000c894   _IQ_OutMax
0000c896   _IQ_Error
0000c898   _IQ_Out
0000c89a   _IQ_OutMin
0000c89c   _RawCnt2
0000c89e   _theta_err
0000c8a0   _MinSpeedRef
0000c8a2   _RawCnt1
0000c8a4   _IQ_Ki
0000c8a6   _IQ_Kp
0000c8a8   _ID_Ki
0000c8aa   _ID_Kp
0000c8ac   _ElecTheta3
0000c8ae   _Speed_Ki
0000c8b0   _Speed_Kp
0000c8b2   _Z
0000c8b4   _Y
0000c8b6   _t2
0000c8b8   _t1
0000c8ba   _B1
0000c8bc   _Speed_Given
0000c8be   _X
0000c8c0   _B2
0000c8c2   _Ta
0000c8c4   _TEMP2
0000c8c6   _MfuncD3
0000c8c8   _SpeedScaler
0000c8ca   _MechScaler
0000c8cc   _Tc
0000c8ce   _Tb
0000c8d0   _MfuncD2
0000c8d2   _MfuncD1
0000c8d4   _DACTemp1
0000c8d6   _DACTemp0
0000c8d8   _MfuncC1
0000c8da   _DACTemp2
0000c8dc   _MfuncF1
0000c8de   _PosCount
0000c8e0   _MfuncF3
0000c8e2   _MfuncF2
0000c8e4   _SpeedRpm
0000c8e6   _SpeedRef
0000c8e8   _RawThetaTmp
0000c8ea   _MfuncC3
0000c8ec   _MfuncC2
0000c8ee   _OldRawTheta
0000c8f0   _NewRawTheta
0000c8f2   _i
0000c8f4   _k
0000c8f6   _j
0000c8f8   _Place_now
0000c8fa   _PlaceError
0000c8fc   _OutPreSat_Place
0000c8fe   _Now_P
0000c900   _Modulation
0000c902   _Tmp
0000c904   _iq
0000c906   _id
0000c908   _ID_Ref
0000c90a   _ID_Given
0000c90c   _ID_Fdb
0000c90e   _ib
0000c910   _ia
0000c912   _ialfa
0000c914   _ic
0000c916   _ibeta
0000c918   _ID_SatError
0000c91a   _ID_OutPreSat
0000c91c   _ID_OutMin
0000c91e   _ID_OutMax
0000c920   _E_Ding_DianLiu
0000c922   _ID_Error
0000c924   _MinSpeedLimit
0000c926   _ID_Up1
0000c928   _ID_Up
0000c92a   _OpenLoopcnt
0000c92c   _TotalPulse
0000c92e   _AnglePU
0000c930   _MechTheta
0000c932   _Speed
0000c934   _OldRawThetaPos
0000c936   _RawTheta
0000c938   _Cosine
0000c93a   _OpenLoop_IqGiven
0000c93c   _ID_Ui
0000c93e   _Sine
0000c940   _ElecTheta2
0000c942   _I_B
0000c943   _DC_ON_OPEN
0000c944   _ADC_V
0000c945   _ADC_U
0000c947   _I_A
0000c948   _GuoliuZhi
0000c949   _U_dc_dis
0000c94a   _DC_ON_flag
0000c94b   _HALL_V
0000c94c   _HALL_U
0000c94d   _O_Current
0000c94e   _I_C
0000c950   _IC_MAX
0000c952   _IB_MAX
0000c954   _U_dc
0000c956   _IA_MAX
0000c958   _DC_ON_CNT
0000c95a   _AD_BUF
0000c96d   _MinSpeedRPM
0000c974   _Key_Flag
0000c975   _Show_time
0000c976   _Show_time2
0000c977   _ch454_key
0000c978   __unlock
0000c97a   __lock
0000c97c   __cleanup_ptr
0000c97e   __dtors_ptr
0000c980   _LockTime
0000c981   _PolePairs
0000c982   _OpenLoop
0000c983   _Startup_Lock
0000c984   _AccumThetaCnt
0000c986   _OldEstimatedTheta
0000c988   _EstimatedSpeed
0000c98a   _EstIbeta
0000c98c   _EstIalpha
0000c98e   _K3
0000c990   _Kslide
0000c992   _Gsmopos
0000c994   _ElecTheta
0000c996   _Kslf
0000c998   _EstimatedTheta
0000c99a   _IalphaError
0000c99c   _Ebeta
0000c99e   _IbetaError
0000c9a0   _Zbeta
0000c9a2   _Ealpha
0000c9a4   _Fsmopos
0000c9a6   _Zalpha
0000c9a8   _K2
0000c9aa   _K1
0000c9ac   _LockTimeInSec
0000c9ae   _qVdSquared
0000c9b0   _OPENLOOPTIMEINSEC
0000c9b2   _SMOError
0000c9b4   _Ts
0000c9b6   _Ls
0000c9b8   _Rs
0000c9ba   _EndSpeed
0000c9bc   _Startup_Ramp
0000c9be   _qAngle
0000c9c0   _CpuTimer1
0000c9c8   _CpuTimer2
0000c9d0   _CpuTimer0
0000c9d8   _speed_dis
00320000   _RamfuncsLoadStart
0032005c   _RamfuncsLoadEnd
00328000   __IQ15atan2PU
0032808b   __IQ15div
003280d2   __IQ15sinPU
003280fb   __IQ15cosPU
00328122   __IQ15toF
00338000   .text
00338000   _EPWM_1_INT
00338000   ___text__
0033864d   _SCIBRX_ISR
0033865e   _INT3_ISR
0033866f   _DelayUS
0033867c   _InitAdc
00338690   _ADC_Soc_Init
0033870d   _Ad_CaiJi
00338856   _DC_Link
003388a8   _JiSuan_Dl
0033898b   _INT13_ISR
00338995   _INT14_ISR
0033899f   _DATALOG_ISR
003389a9   _RTOSINT_ISR
003389b3   _EMUINT_ISR
003389bd   _NMI_ISR
003389c7   _ILLEGAL_ISR
003389d1   _USER1_ISR
003389db   _USER2_ISR
003389e5   _USER3_ISR
003389ef   _USER4_ISR
003389f9   _USER5_ISR
00338a03   _USER6_ISR
00338a0d   _USER7_ISR
00338a17   _USER8_ISR
00338a21   _USER9_ISR
00338a2b   _USER10_ISR
00338a35   _USER11_ISR
00338a3f   _USER12_ISR
00338a49   _SEQ1INT_ISR
00338a53   _SEQ2INT_ISR
00338a5d   _XINT1_ISR
00338a67   _XINT2_ISR
00338a71   _ADCINT_ISR
00338a7b   _TINT0_ISR
00338a85   _WAKEINT_ISR
00338a8f   _EPWM1_TZINT_ISR
00338a99   _EPWM2_TZINT_ISR
00338aa3   _EPWM3_TZINT_ISR
00338aad   _EPWM4_TZINT_ISR
00338ab7   _EPWM5_TZINT_ISR
00338ac1   _EPWM6_TZINT_ISR
00338acb   _EPWM1_INT_ISR
00338ad5   _EPWM2_INT_ISR
00338adf   _EPWM3_INT_ISR
00338ae9   _EPWM4_INT_ISR
00338af3   _EPWM5_INT_ISR
00338afd   _EPWM6_INT_ISR
00338b07   _ECAP1_INT_ISR
00338b11   _ECAP2_INT_ISR
00338b1b   _ECAP3_INT_ISR
00338b25   _ECAP4_INT_ISR
00338b2f   _ECAP5_INT_ISR
00338b39   _ECAP6_INT_ISR
00338b43   _EQEP1_INT_ISR
00338b4d   _EQEP2_INT_ISR
00338b57   _SPIRXINTA_ISR
00338b61   _SPITXINTA_ISR
00338b6b   _MRINTB_ISR
00338b75   _MXINTB_ISR
00338b7f   _MRINTA_ISR
00338b89   _MXINTA_ISR
00338b93   _DINTCH1_ISR
00338b9d   _DINTCH2_ISR
00338ba7   _DINTCH3_ISR
00338bb1   _DINTCH4_ISR
00338bbb   _DINTCH5_ISR
00338bc5   _DINTCH6_ISR
00338bcf   _I2CINT1A_ISR
00338bd9   _I2CINT2A_ISR
00338be3   _SCIRXINTC_ISR
00338bed   _SCITXINTC_ISR
00338bf7   _SCIRXINTA_ISR
00338c01   _SCITXINTA_ISR
00338c0b   _SCIRXINTB_ISR
00338c15   _SCITXINTB_ISR
00338c1f   _ECAN0INTA_ISR
00338c29   _ECAN1INTA_ISR
00338c33   _ECAN0INTB_ISR
00338c3d   _ECAN1INTB_ISR
00338c47   _XINT3_ISR
00338c51   _XINT4_ISR
00338c5b   _XINT5_ISR
00338c65   _XINT6_ISR
00338c6f   _XINT7_ISR
00338c79   _LVF_ISR
00338c83   _LUF_ISR
00338c8d   _PIE_RESERVED
00338c97   _rsvd_ISR
00338ca1   _DelayUS2
00338cae   _Init_lcd_Gpio
00338cc0   _LCD_SendByte
00338cf1   _Lcd_WriteCmd
00338d05   _Lcd_WriteData
00338d19   _hanzi_Disp
00338d36   _Init_lcd
00338d71   _Lcd_Dis_Udc
00338da2   _Lcd_Dis_RPM
00338ddf   _Lcd_Dis_DL
00338e45   _Lcd_Dis_sheding
00338ee7   _LCD_DIS
00338f10   _InitGpio
00338fef   _Init_Scib_Gpio
00339003   _Init_Scic_Gpio
00339019   _CPU_RUN
00339039   _eva_open
00339059   _eva_close
003390c1   _IPM_BaoHu
003390e4   _InitEPwm
003390e5   _QEP_Init
0033910c   _InitEPwm_1_2_3
003391c4   _InitEPwmGpio
003391c7   _InitEPwm1Gpio
003391f3   _InitEPwm2Gpio
00339201   _InitEPwm3Gpio
00339215   _InitEPwm4Gpio
00339229   _InitEPwm5Gpio
0033923b   _InitEPwm6Gpio
0033924d   _InitEPwmSyncGpio
00339261   _InitTzGpio
00339297   _iic_delay
003392f9   _Read_key
00339373   _deal_key_lcd
00339420   _deal_key
00339423   _StopParaInt
00339444   _ParaInt
0033947f   _speed_est_calc
003394c9   _smopos_calc
00339576   _InitSysCtrl
0033957f   _ServiceDog
00339589   _DisableDog
00339591   _InitPll
003395dd   _InitPeripheralClocks
00339636   _CsmUnlock
00339667   _main
003396e5   _Init_SiShu
00339747   _crc16_byte
00339755   _CRC_16
0033976d   _LuBo
003397f0   FS$$DIV
00339878   FD$$MPY
003398fb   _InitCpuTimers
00339934   _ConfigCpuTimer
0033996f   _c_int00
003399b5   _InitSpi
003399c6   _InitSpiGpio
003399c9   _InitSpiaGpio
003399e9   _InitSci_B
00339a03   _InitSci_C
00339a1b   _InitPieCtrl
00339a3a   _EnableInterrupts
00339a43   _InitPieVectTable
00339a63   FD$$TOL
00339a82   I$$TOFD
00339a9f   FS$$TOFD
00339abb   __args_main
00339ad6   C$$EXIT
00339ad6   _abort
00339ad8   _exit
00339aef   _MemCopy
00339b04   U$$DIV
00339b09   U$$MOD
00339b0f   __register_unlock
00339b13   __register_lock
00339b17   __nop
00339b20   ___cinit__
00339b20   ___etext__
00339b20   cinit
00339b20   etext
00339f80   _PieVectTableInit
0033a080   _crc16_table
0033fff6   code_start
0033fff8   _CsmPwl
00380080   _ADC_cal
00380090   _PartIdRegs
003fe000   _IQsinTable
003fe100   _IQcosTable
003fe400   _IQsinTableEnd
003fe502   _IQcosTableEnd
003fe502   _IQdivRoundSatTable
003fe510   _IQdivTable
003fe712   _IQdivTableEnd
003fe712   _IQisqrtRoundSatTable
003fe712   _IQsqrtRoundSatTable
003fe722   _IQisqrtTable
003fe722   _IQsqrtTable
003fe824   _IQatan2HalfPITable
003fe824   _IQisqrtTableEnd
003fe824   _IQsqrtTableEnd
003fe862   _IQatan2Table
003fe9e8   _IQ30mpyRndSatTable
003fe9e8   _IQatan2TableEnd
003fe9e8   _IQmpyRndSatTable
003fe9f4   _IQ29mpyRndSatTable
003fea00   _IQ28mpyRndSatTable
003fea0c   _IQ27mpyRndSatTable
003fea18   _IQ26mpyRndSatTable
003fea24   _IQ25mpyRndSatTable
003fea30   _IQ24mpyRndSatTable
003fea3c   _IQ23mpyRndSatTable
003fea48   _IQ22mpyRndSatTable
003fea54   _IQ21mpyRndSatTable
003fea60   _IQ20mpyRndSatTable
003fea6c   _IQ19mpyRndSatTable
003fea78   _IQ18mpyRndSatTable
003fea84   _IQ17mpyRndSatTable
003fea90   _IQ16mpyRndSatTable
003fea9c   _IQ15mpyRndSatTable
003feaa8   _IQ14mpyRndSatTable
003feab4   _IQ13mpyRndSatTable
003feac0   _IQ12mpyRndSatTable
003feacc   _IQ11mpyRndSatTable
003fead8   _IQ10mpyRndSatTable
003feae4   _IQ9mpyRndSatTable
003feaf0   _IQ8mpyRndSatTable
003feafc   _IQ7mpyRndSatTable
003feb08   _IQ6mpyRndSatTable
003feb14   _IQ5mpyRndSatTable
003feb20   _IQ4mpyRndSatTable
003feb2c   _IQ3mpyRndSatTable
003feb38   _IQ2mpyRndSatTable
003feb44   _IQ1mpyRndSatTable
003feb50   _IQmpyRndSatTableEnd
ffffffff   ___binit__
ffffffff   ___c_args__
ffffffff   ___pinit__
ffffffff   binit
ffffffff   pinit

[512 symbols]
